Component: ARM Compiler 5.06 update 6 (build 750) Tool: armlink [4d35ed]

==============================================================================

Section Cross References

    startup_stm32f030x6.o(RESET) refers to startup_stm32f030x6.o(STACK) for __initial_sp
    startup_stm32f030x6.o(RESET) refers to startup_stm32f030x6.o(.text) for Reset_Handler
    startup_stm32f030x6.o(RESET) refers to stm32f0xx_it.o(i.NMI_Handler) for NMI_Handler
    startup_stm32f030x6.o(RESET) refers to stm32f0xx_it.o(i.HardFault_Handler) for HardFault_Handler
    startup_stm32f030x6.o(RESET) refers to stm32f0xx_it.o(i.SVC_Handler) for SVC_Handler
    startup_stm32f030x6.o(RESET) refers to stm32f0xx_it.o(i.PendSV_Handler) for PendSV_Handler
    startup_stm32f030x6.o(RESET) refers to stm32f0xx_it.o(i.SysTick_Handler) for SysTick_Handler
    startup_stm32f030x6.o(RESET) refers to stm32f0xx_it.o(i.RTC_IRQHandler) for RTC_IRQHandler
    startup_stm32f030x6.o(RESET) refers to stm32f0xx_it.o(i.DMA1_Channel2_3_IRQHandler) for DMA1_Channel2_3_IRQHandler
    startup_stm32f030x6.o(RESET) refers to stm32f0xx_it.o(i.USART1_IRQHandler) for USART1_IRQHandler
    startup_stm32f030x6.o(.text) refers to system_stm32f0xx.o(i.SystemInit) for SystemInit
    startup_stm32f030x6.o(.text) refers to entry.o(.ARM.Collect$$$$00000000) for __main
    dht11.o(i.DHT11_Check) refers to stm32f0xx_hal_gpio.o(i.HAL_GPIO_Init) for HAL_GPIO_Init
    dht11.o(i.DHT11_Check) refers to dht11.o(i.delay_us) for delay_us
    dht11.o(i.DHT11_Check) refers to stm32f0xx_hal_gpio.o(i.HAL_GPIO_ReadPin) for HAL_GPIO_ReadPin
    dht11.o(i.DHT11_Init) refers to dht11.o(i.DHT11_Rst) for DHT11_Rst
    dht11.o(i.DHT11_Init) refers to dht11.o(i.DHT11_Check) for DHT11_Check
    dht11.o(i.DHT11_Read_Bit) refers to dht11.o(i.delay_us) for delay_us
    dht11.o(i.DHT11_Read_Bit) refers to stm32f0xx_hal_gpio.o(i.HAL_GPIO_ReadPin) for HAL_GPIO_ReadPin
    dht11.o(i.DHT11_Read_Byte) refers to dht11.o(i.DHT11_Read_Bit) for DHT11_Read_Bit
    dht11.o(i.DHT11_Read_Data) refers to dht11.o(i.DHT11_Rst) for DHT11_Rst
    dht11.o(i.DHT11_Read_Data) refers to dht11.o(i.DHT11_Check) for DHT11_Check
    dht11.o(i.DHT11_Read_Data) refers to dht11.o(i.DHT11_Read_Byte) for DHT11_Read_Byte
    dht11.o(i.DHT11_Rst) refers to stm32f0xx_hal_gpio.o(i.HAL_GPIO_Init) for HAL_GPIO_Init
    dht11.o(i.DHT11_Rst) refers to stm32f0xx_hal_gpio.o(i.HAL_GPIO_WritePin) for HAL_GPIO_WritePin
    dht11.o(i.DHT11_Rst) refers to stm32f0xx_hal.o(i.HAL_Delay) for HAL_Delay
    dht11.o(i.DHT11_Rst) refers to dht11.o(i.delay_us) for delay_us
    dht11.o(i.Int_To_Str) refers to idiv.o(.text) for __aeabi_idivmod
    codec.o(i.ParseCommand) refers to _scanf_str.o(.text) for _scanf_string
    codec.o(i.ParseCommand) refers to memseta.o(.text) for __aeabi_memclr4
    codec.o(i.ParseCommand) refers to codec.o(i.hex2byte) for hex2byte
    codec.o(i.ParseCommand) refers to crc16.o(i.ISRcal_crc16) for ISRcal_crc16
    codec.o(i.ParseCommand) refers to printf8.o(i.__0printf$8) for __2printf
    codec.o(i.ParseCommand) refers to __0sscanf.o(.text) for __0sscanf
    codec.o(i.ParseCommand) refers to uread4.o(.text) for __aeabi_uread4
    codec.o(i.ParseCommand) refers to codec.o(i.RespondData) for RespondData
    codec.o(i.ParseCommand) refers to stm32f0xx_hal.o(i.HAL_Delay) for HAL_Delay
    codec.o(i.ParseCommand) refers to codec.o(.bss) for .bss
    codec.o(i.RespondData) refers to crc16.o(i.ISRcal_crc16) for ISRcal_crc16
    codec.o(i.RespondData) refers to memseta.o(.text) for __aeabi_memclr4
    codec.o(i.RespondData) refers to printf8.o(i.__0sprintf$8) for __2sprintf
    codec.o(i.RespondData) refers to strlen.o(.text) for strlen
    codec.o(i.RespondData) refers to stm32f0xx_hal_uart.o(i.HAL_UART_Transmit) for HAL_UART_Transmit
    codec.o(i.RespondData) refers to codec.o(.bss) for .bss
    codec.o(i.RespondData) refers to usart.o(.bss) for huart1
    codec.o(i.SendNBData) refers to crc16.o(i.ISRcal_crc16) for ISRcal_crc16
    codec.o(i.SendNBData) refers to memseta.o(.text) for __aeabi_memclr4
    codec.o(i.SendNBData) refers to printf8.o(i.__0sprintf$8) for __2sprintf
    codec.o(i.SendNBData) refers to strlen.o(.text) for strlen
    codec.o(i.SendNBData) refers to stm32f0xx_hal_uart.o(i.HAL_UART_Transmit) for HAL_UART_Transmit
    codec.o(i.SendNBData) refers to codec.o(.bss) for .bss
    codec.o(i.SendNBData) refers to codec.o(.data) for .data
    codec.o(i.SendNBData) refers to codec.o(.conststring) for .conststring
    codec.o(i.SendNBData) refers to usart.o(.bss) for huart1
    codec.o(i.hex2byte) refers to _scanf_int.o(.text) for _scanf_int
    codec.o(i.hex2byte) refers to strchr.o(.text) for strchr
    codec.o(i.hex2byte) refers to __0sscanf.o(.text) for __0sscanf
    crc16.o(i.ReIwdg) refers to stm32f0xx_hal.o(i.HAL_GetTick) for HAL_GetTick
    crc16.o(i.ReIwdg) refers to crc16.o(.data) for .data
    nbiotdriver.o(i.ATRec) refers to strstr.o(.text) for strstr
[...]
    Removing stm32f0xx_hal_i2c.o(i.HAL_I2C_Master_Transmit), (272 bytes).
    Removing stm32f0xx_hal_i2c.o(i.HAL_I2C_Master_Transmit_DMA), (284 bytes).
    Removing stm32f0xx_hal_i2c.o(i.HAL_I2C_Master_Transmit_IT), (128 bytes).
    Removing stm32f0xx_hal_i2c.o(i.HAL_I2C_MemRxCpltCallback), (2 bytes).
    Removing stm32f0xx_hal_i2c.o(i.HAL_I2C_MemTxCpltCallback), (2 bytes).
    Removing stm32f0xx_hal_i2c.o(i.HAL_I2C_Mem_Read), (340 bytes).
    Removing stm32f0xx_hal_i2c.o(i.HAL_I2C_Mem_Read_DMA), (288 bytes).
    Removing stm32f0xx_hal_i2c.o(i.HAL_I2C_Mem_Read_IT), (188 bytes).
    Removing stm32f0xx_hal_i2c.o(i.HAL_I2C_Mem_Write), (332 bytes).
    Removing stm32f0xx_hal_i2c.o(i.HAL_I2C_Mem_Write_DMA), (280 bytes).
    Removing stm32f0xx_hal_i2c.o(i.HAL_I2C_Mem_Write_IT), (180 bytes).
    Removing stm32f0xx_hal_i2c.o(i.HAL_I2C_MspDeInit), (2 bytes).
    Removing stm32f0xx_hal_i2c.o(i.HAL_I2C_MspInit), (2 bytes).
    Removing stm32f0xx_hal_i2c.o(i.HAL_I2C_SlaveRxCpltCallback), (2 bytes).
    Removing stm32f0xx_hal_i2c.o(i.HAL_I2C_SlaveTxCpltCallback), (2 bytes).
    Removing stm32f0xx_hal_i2c.o(i.HAL_I2C_Slave_Receive), (276 bytes).
    Removing stm32f0xx_hal_i2c.o(i.HAL_I2C_Slave_Receive_DMA), (200 bytes).
    Removing stm32f0xx_hal_i2c.o(i.HAL_I2C_Slave_Receive_IT), (88 bytes).
    Removing stm32f0xx_hal_i2c.o(i.HAL_I2C_Slave_Seq_Receive_DMA), (360 bytes).
    Removing stm32f0xx_hal_i2c.o(i.HAL_I2C_Slave_Seq_Receive_IT), (200 bytes).
    Removing stm32f0xx_hal_i2c.o(i.HAL_I2C_Slave_Seq_Transmit_DMA), (364 bytes).
    Removing stm32f0xx_hal_i2c.o(i.HAL_I2C_Slave_Seq_Transmit_IT), (204 bytes).
    Removing stm32f0xx_hal_i2c.o(i.HAL_I2C_Slave_Transmit), (294 bytes).
    Removing stm32f0xx_hal_i2c.o(i.HAL_I2C_Slave_Transmit_DMA), (196 bytes).
    Removing stm32f0xx_hal_i2c.o(i.HAL_I2C_Slave_Transmit_IT), (88 bytes).
    Removing stm32f0xx_hal_i2c.o(i.I2C_ConvertOtherXferOptions), (28 bytes).
    Removing stm32f0xx_hal_i2c.o(i.I2C_DMAAbort), (40 bytes).
    Removing stm32f0xx_hal_i2c.o(i.I2C_DMAError), (24 bytes).
    Removing stm32f0xx_hal_i2c.o(i.I2C_DMAMasterReceiveCplt), (80 bytes).
    Removing stm32f0xx_hal_i2c.o(i.I2C_DMAMasterTransmitCplt), (80 bytes).
    Removing stm32f0xx_hal_i2c.o(i.I2C_DMASlaveReceiveCplt), (42 bytes).
    Removing stm32f0xx_hal_i2c.o(i.I2C_DMASlaveTransmitCplt), (36 bytes).
    Removing stm32f0xx_hal_i2c.o(i.I2C_Disable_IRQ), (84 bytes).
    Removing stm32f0xx_hal_i2c.o(i.I2C_Enable_IRQ), (100 bytes).
    Removing stm32f0xx_hal_i2c.o(i.I2C_Flush_TXDR), (34 bytes).
    Removing stm32f0xx_hal_i2c.o(i.I2C_ITAddrCplt), (122 bytes).
    Removing stm32f0xx_hal_i2c.o(i.I2C_ITError), (208 bytes).
    Removing stm32f0xx_hal_i2c.o(i.I2C_ITListenCplt), (100 bytes).
    Removing stm32f0xx_hal_i2c.o(i.I2C_ITMasterCplt), (164 bytes).
    Removing stm32f0xx_hal_i2c.o(i.I2C_ITMasterSeqCplt), (70 bytes).
    Removing stm32f0xx_hal_i2c.o(i.I2C_ITSlaveCplt), (244 bytes).
    Removing stm32f0xx_hal_i2c.o(i.I2C_ITSlaveSeqCplt), (74 bytes).
    Removing stm32f0xx_hal_i2c.o(i.I2C_IsAcknowledgeFailed), (112 bytes).
    Removing stm32f0xx_hal_i2c.o(i.I2C_Master_ISR_DMA), (268 bytes).
    Removing stm32f0xx_hal_i2c.o(i.I2C_Master_ISR_IT), (304 bytes).
    Removing stm32f0xx_hal_i2c.o(i.I2C_RequestMemoryRead), (96 bytes).
    Removing stm32f0xx_hal_i2c.o(i.I2C_RequestMemoryWrite), (96 bytes).
    Removing stm32f0xx_hal_i2c.o(i.I2C_Slave_ISR_DMA), (246 bytes).
    Removing stm32f0xx_hal_i2c.o(i.I2C_Slave_ISR_IT), (304 bytes).
    Removing stm32f0xx_hal_i2c.o(i.I2C_TransferConfig), (40 bytes).
    Removing stm32f0xx_hal_i2c.o(i.I2C_WaitOnFlagUntilTimeout), (78 bytes).
    Removing stm32f0xx_hal_i2c.o(i.I2C_WaitOnRXNEFlagUntilTimeout), (128 bytes).
    Removing stm32f0xx_hal_i2c.o(i.I2C_WaitOnSTOPFlagUntilTimeout), (76 bytes).
    Removing stm32f0xx_hal_i2c.o(i.I2C_WaitOnTXISFlagUntilTimeout), (80 bytes).
    Removing stm32f0xx_hal_i2c_ex.o(.rev16_text), (4 bytes).
    Removing stm32f0xx_hal_i2c_ex.o(.revsh_text), (4 bytes).
    Removing stm32f0xx_hal_i2c_ex.o(i.HAL_I2CEx_ConfigAnalogFilter), (74 bytes).
    Removing stm32f0xx_hal_i2c_ex.o(i.HAL_I2CEx_ConfigDigitalFilter), (72 bytes).
    Removing stm32f0xx_hal_i2c_ex.o(i.HAL_I2CEx_DisableFastModePlus), (36 bytes).
    Removing stm32f0xx_hal_i2c_ex.o(i.HAL_I2CEx_EnableFastModePlus), (36 bytes).
    Removing stm32f0xx_hal_gpio.o(.rev16_text), (4 bytes).
    Removing stm32f0xx_hal_gpio.o(.revsh_text), (4 bytes).
    Removing stm32f0xx_hal_gpio.o(i.HAL_GPIO_DeInit), (212 bytes).
    Removing stm32f0xx_hal_gpio.o(i.HAL_GPIO_EXTI_Callback), (2 bytes).
    Removing stm32f0xx_hal_gpio.o(i.HAL_GPIO_EXTI_IRQHandler), (24 bytes).
    Removing stm32f0xx_hal_gpio.o(i.HAL_GPIO_LockPin), (36 bytes).
    Removing stm32f0xx_hal_gpio.o(i.HAL_GPIO_TogglePin), (12 bytes).
    Removing stm32f0xx_hal_dma.o(.rev16_text), (4 bytes).
    Removing stm32f0xx_hal_dma.o(.revsh_text), (4 bytes).
    Removing stm32f0xx_hal_dma.o(i.HAL_DMA_DeInit), (74 bytes).
    Removing stm32f0xx_hal_dma.o(i.HAL_DMA_GetState), (6 bytes).
    Removing stm32f0xx_hal_dma.o(i.HAL_DMA_PollForTransfer), (176 bytes).
    Removing stm32f0xx_hal_dma.o(i.HAL_DMA_RegisterCallback), (72 bytes).
    Removing stm32f0xx_hal_dma.o(i.HAL_DMA_Start), (74 bytes).
    Removing stm32f0xx_hal_dma.o(i.HAL_DMA_UnRegisterCallback), (78 bytes).
    Removing stm32f0xx_hal_cortex.o(.rev16_text), (4 bytes).
    Removing stm32f0xx_hal_cortex.o(.revsh_text), (4 bytes).
    Removing stm32f0xx_hal_cortex.o(i.HAL_NVIC_ClearPendingIRQ), (24 bytes).
    Removing stm32f0xx_hal_cortex.o(i.HAL_NVIC_DisableIRQ), (32 bytes).
    Removing stm32f0xx_hal_cortex.o(i.HAL_NVIC_GetPendingIRQ), (32 bytes).
    Removing stm32f0xx_hal_cortex.o(i.HAL_NVIC_GetPriority), (52 bytes).
    Removing stm32f0xx_hal_cortex.o(i.HAL_NVIC_SetPendingIRQ), (24 bytes).
    Removing stm32f0xx_hal_cortex.o(i.HAL_NVIC_SystemReset), (28 bytes).
    Removing stm32f0xx_hal_cortex.o(i.HAL_SYSTICK_CLKSourceConfig), (24 bytes).
    Removing stm32f0xx_hal_cortex.o(i.HAL_SYSTICK_Callback), (2 bytes).
    Removing stm32f0xx_hal_cortex.o(i.HAL_SYSTICK_IRQHandler), (8 bytes).
    Removing stm32f0xx_hal_pwr.o(.rev16_text), (4 bytes).
    Removing stm32f0xx_hal_pwr.o(.revsh_text), (4 bytes).
    Removing stm32f0xx_hal_pwr.o(i.HAL_PWR_DeInit), (24 bytes).
    Removing stm32f0xx_hal_pwr.o(i.HAL_PWR_DisableBkUpAccess), (16 bytes).
    Removing stm32f0xx_hal_pwr.o(i.HAL_PWR_DisableSEVOnPend), (16 bytes).
    Removing stm32f0xx_hal_pwr.o(i.HAL_PWR_DisableSleepOnExit), (16 bytes).
    Removing stm32f0xx_hal_pwr.o(i.HAL_PWR_DisableWakeUpPin), (16 bytes).
    Removing stm32f0xx_hal_pwr.o(i.HAL_PWR_EnableBkUpAccess), (16 bytes).
    Removing stm32f0xx_hal_pwr.o(i.HAL_PWR_EnableSEVOnPend), (16 bytes).
    Removing stm32f0xx_hal_pwr.o(i.HAL_PWR_EnableSleepOnExit), (16 bytes).
    Removing stm32f0xx_hal_pwr.o(i.HAL_PWR_EnableWakeUpPin), (16 bytes).
    Removing stm32f0xx_hal_pwr.o(i.HAL_PWR_EnterSLEEPMode), (32 bytes).
    Removing stm32f0xx_hal_pwr.o(i.HAL_PWR_EnterSTANDBYMode), (32 bytes).
    Removing stm32f0xx_hal_pwr_ex.o(.rev16_text), (4 bytes).
    Removing stm32f0xx_hal_pwr_ex.o(.revsh_text), (4 bytes).
    Removing stm32f0xx_hal_flash.o(.rev16_text), (4 bytes).
    Removing stm32f0xx_hal_flash.o(.revsh_text), (4 bytes).
    Removing stm32f0xx_hal_flash.o(i.FLASH_Program_HalfWord), (32 bytes).
    Removing stm32f0xx_hal_flash.o(i.FLASH_SetErrorCode), (56 bytes).
    Removing stm32f0xx_hal_flash.o(i.FLASH_WaitForLastOperation), (80 bytes).
    Removing stm32f0xx_hal_flash.o(i.HAL_FLASH_EndOfOperationCallback), (2 bytes).
    Removing stm32f0xx_hal_flash.o(i.HAL_FLASH_GetError), (12 bytes).
    Removing stm32f0xx_hal_flash.o(i.HAL_FLASH_IRQHandler), (268 bytes).
    Removing stm32f0xx_hal_flash.o(i.HAL_FLASH_Lock), (20 bytes).
    Removing stm32f0xx_hal_flash.o(i.HAL_FLASH_OB_Launch), (32 bytes).
    Removing stm32f0xx_hal_flash.o(i.HAL_FLASH_OB_Lock), (20 bytes).
    Removing stm32f0xx_hal_flash.o(i.HAL_FLASH_OB_Unlock), (36 bytes).
    Removing stm32f0xx_hal_flash.o(i.HAL_FLASH_OperationErrorCallback), (2 bytes).
    Removing stm32f0xx_hal_flash.o(i.HAL_FLASH_Program), (124 bytes).
    Removing stm32f0xx_hal_flash.o(i.HAL_FLASH_Program_IT), (100 bytes).
    Removing stm32f0xx_hal_flash.o(i.HAL_FLASH_Unlock), (40 bytes).
    Removing stm32f0xx_hal_flash.o(.bss), (32 bytes).
    Removing stm32f0xx_hal_flash_ex.o(.rev16_text), (4 bytes).
    Removing stm32f0xx_hal_flash_ex.o(.revsh_text), (4 bytes).
    Removing stm32f0xx_hal_flash_ex.o(i.FLASH_MassErase), (36 bytes).
    Removing stm32f0xx_hal_flash_ex.o(i.FLASH_OB_GetRDP), (32 bytes).
    Removing stm32f0xx_hal_flash_ex.o(i.FLASH_OB_RDP_LevelConfig), (96 bytes).
    Removing stm32f0xx_hal_flash_ex.o(i.FLASH_PageErase), (36 bytes).
    Removing stm32f0xx_hal_flash_ex.o(i.HAL_FLASHEx_Erase), (160 bytes).
    Removing stm32f0xx_hal_flash_ex.o(i.HAL_FLASHEx_Erase_IT), (88 bytes).
    Removing stm32f0xx_hal_flash_ex.o(i.HAL_FLASHEx_OBErase), (80 bytes).
    Removing stm32f0xx_hal_flash_ex.o(i.HAL_FLASHEx_OBGetConfig), (36 bytes).
    Removing stm32f0xx_hal_flash_ex.o(i.HAL_FLASHEx_OBGetUserData), (28 bytes).
    Removing stm32f0xx_hal_flash_ex.o(i.HAL_FLASHEx_OBProgram), (328 bytes).
    Removing stm32f0xx_hal_exti.o(.rev16_text), (4 bytes).
    Removing stm32f0xx_hal_exti.o(.revsh_text), (4 bytes).
    Removing stm32f0xx_hal_exti.o(i.HAL_EXTI_ClearConfigLine), (100 bytes).
    Removing stm32f0xx_hal_exti.o(i.HAL_EXTI_ClearPending), (20 bytes).
    Removing stm32f0xx_hal_exti.o(i.HAL_EXTI_GenerateSWI), (20 bytes).
    Removing stm32f0xx_hal_exti.o(i.HAL_EXTI_GetConfigLine), (148 bytes).
    Removing stm32f0xx_hal_exti.o(i.HAL_EXTI_GetHandle), (14 bytes).
    Removing stm32f0xx_hal_exti.o(i.HAL_EXTI_GetPending), (24 bytes).
    Removing stm32f0xx_hal_exti.o(i.HAL_EXTI_IRQHandler), (36 bytes).
    Removing stm32f0xx_hal_exti.o(i.HAL_EXTI_RegisterCallback), (16 bytes).
    Removing stm32f0xx_hal_exti.o(i.HAL_EXTI_SetConfigLine), (148 bytes).
    Removing stm32f0xx_hal_tim.o(.rev16_text), (4 bytes).
    Removing stm32f0xx_hal_tim.o(.revsh_text), (4 bytes).
    Removing stm32f0xx_hal_tim_ex.o(.rev16_text), (4 bytes).
    Removing stm32f0xx_hal_tim_ex.o(.revsh_text), (4 bytes).
    Removing stm32f0xx_hal_uart.o(.rev16_text), (4 bytes).
    Removing stm32f0xx_hal_uart.o(.revsh_text), (4 bytes).
    Removing stm32f0xx_hal_uart.o(i.HAL_HalfDuplex_EnableReceiver), (54 bytes).
    Removing stm32f0xx_hal_uart.o(i.HAL_HalfDuplex_EnableTransmitter), (54 bytes).
    Removing stm32f0xx_hal_uart.o(i.HAL_HalfDuplex_Init), (106 bytes).
    Removing stm32f0xx_hal_uart.o(i.HAL_MultiProcessor_DisableMuteMode), (46 bytes).
    Removing stm32f0xx_hal_uart.o(i.HAL_MultiProcessor_EnableMuteMode), (46 bytes).
    Removing stm32f0xx_hal_uart.o(i.HAL_MultiProcessor_EnterMuteMode), (12 bytes).
    Removing stm32f0xx_hal_uart.o(i.HAL_MultiProcessor_Init), (138 bytes).
    Removing stm32f0xx_hal_uart.o(i.HAL_UART_Abort), (162 bytes).
    Removing stm32f0xx_hal_uart.o(i.HAL_UART_AbortCpltCallback), (2 bytes).
    Removing stm32f0xx_hal_uart.o(i.HAL_UART_AbortReceive), (110 bytes).
    Removing stm32f0xx_hal_uart.o(i.HAL_UART_AbortReceiveCpltCallback), (2 bytes).
    Removing stm32f0xx_hal_uart.o(i.HAL_UART_AbortReceive_IT), (124 bytes).
    Removing stm32f0xx_hal_uart.o(i.HAL_UART_AbortTransmit), (82 bytes).
    Removing stm32f0xx_hal_uart.o(i.HAL_UART_AbortTransmitCpltCallback), (2 bytes).
    Removing stm32f0xx_hal_uart.o(i.HAL_UART_AbortTransmit_IT), (88 bytes).
    Removing stm32f0xx_hal_uart.o(i.HAL_UART_Abort_IT), (204 bytes).
    Removing stm32f0xx_hal_uart.o(i.HAL_UART_DMAPause), (94 bytes).
    Removing stm32f0xx_hal_uart.o(i.HAL_UART_DMAResume), (86 bytes).
    Removing stm32f0xx_hal_uart.o(i.HAL_UART_DeInit), (58 bytes).
    Removing stm32f0xx_hal_uart.o(i.HAL_UART_DisableReceiverTimeout), (52 bytes).
    Removing stm32f0xx_hal_uart.o(i.HAL_UART_EnableReceiverTimeout), (52 bytes).
    Removing stm32f0xx_hal_uart.o(i.HAL_UART_GetError), (4 bytes).
    Removing stm32f0xx_hal_uart.o(i.HAL_UART_GetState), (10 bytes).
    Removing stm32f0xx_hal_uart.o(i.HAL_UART_MspDeInit), (2 bytes).
    Removing stm32f0xx_hal_uart.o(i.HAL_UART_MspInit), (2 bytes).
    Removing stm32f0xx_hal_uart.o(i.HAL_UART_Receive), (240 bytes).
    Removing stm32f0xx_hal_uart.o(i.HAL_UART_Receive_IT), (172 bytes).
    Removing stm32f0xx_hal_uart.o(i.HAL_UART_ReceiverTimeout_Config), (14 bytes).
    Removing stm32f0xx_hal_uart.o(i.HAL_UART_RxCpltCallback), (2 bytes).
    Removing stm32f0xx_hal_uart.o(i.HAL_UART_Transmit_DMA), (172 bytes).
    Removing stm32f0xx_hal_uart.o(i.HAL_UART_Transmit_IT), (120 bytes).
    Removing stm32f0xx_hal_uart.o(i.HAL_UART_TxHalfCpltCallback), (2 bytes).
    Removing stm32f0xx_hal_uart.o(i.UART_DMARxAbortCallback), (60 bytes).
    Removing stm32f0xx_hal_uart.o(i.UART_DMARxOnlyAbortCallback), (36 bytes).
    Removing stm32f0xx_hal_uart.o(i.UART_DMATransmitCplt), (46 bytes).
    Removing stm32f0xx_hal_uart.o(i.UART_DMATxAbortCallback), (50 bytes).
    Removing stm32f0xx_hal_uart.o(i.UART_DMATxHalfCplt), (10 bytes).
    Removing stm32f0xx_hal_uart.o(i.UART_DMATxOnlyAbortCallback), (20 bytes).
    Removing stm32f0xx_hal_uart.o(i.UART_RxISR_16BIT), (88 bytes).
    Removing stm32f0xx_hal_uart.o(i.UART_RxISR_8BIT), (88 bytes).
    Removing stm32f0xx_hal_uart.o(i.UART_TxISR_16BIT), (64 bytes).
    Removing stm32f0xx_hal_uart.o(i.UART_TxISR_8BIT), (60 bytes).
    Removing stm32f0xx_hal_uart_ex.o(.rev16_text), (4 bytes).
    Removing stm32f0xx_hal_uart_ex.o(.revsh_text), (4 bytes).
    Removing stm32f0xx_hal_uart_ex.o(i.HAL_MultiProcessorEx_AddressLength_Set), (52 bytes).
    Removing stm32f0xx_hal_uart_ex.o(i.HAL_RS485Ex_Init), (136 bytes).
    Removing system_stm32f0xx.o(.rev16_text), (4 bytes).
    Removing system_stm32f0xx.o(.revsh_text), (4 bytes).
    Removing system_stm32f0xx.o(i.SystemCoreClockUpdate), (108 bytes).
    Removing dadd.o(.text), (356 bytes).
    Removing dmul.o(.text), (208 bytes).
    Removing ddiv.o(.text), (240 bytes).
    Removing dfixul.o(.text), (64 bytes).
    Removing cdrcmple.o(.text), (40 bytes).
    Removing depilogue.o(.text), (190 bytes).
    Removing stm32f0xx_hal_dma.o(i.__ARM_common_switch8), (26 bytes).
    Removing depilogue.o(i.__ARM_clz), (46 bytes).

340 unused section(s) (total 22960 bytes) removed from the image.

==============================================================================

Image Symbol Table

    Local Symbols

    Symbol Name                              Value     Ov Type        Size  Object(Section)

    ../Drivers/STM32F0xx_HAL_Driver/Src/stm32f0xx_hal.c 0x00000000   Number         0  stm32f0xx_hal.o ABSOLUTE
    ../Drivers/STM32F0xx_HAL_Driver/Src/stm32f0xx_hal_cortex.c 0x00000000   Number         0  stm32f0xx_hal_cortex.o ABSOLUTE
    ../Drivers/STM32F0xx_HAL_Driver/Src/stm32f0xx_hal_dma.c 0x00000000   Number         0  stm32f0xx_hal_dma.o ABSOLUTE
    ../Drivers/STM32F0xx_HAL_Driver/Src/stm32f0xx_hal_exti.c 0x00000000   Number         0  stm32f0xx_hal_exti.o ABSOLUTE
    ../Drivers/STM32F0xx_HAL_Driver/Src/stm32f0xx_hal_flash.c 0x00000000   Number         0  stm32f0xx_hal_flash.o ABSOLUTE
    ../Drivers/STM32F0xx_HAL_Driver/Src/stm32f0xx_hal_flash_ex.c 0x00000000   Number         0  stm32f0xx_hal_flash_ex.o ABSOLUTE
    ../Drivers/STM32F0xx_HAL_Driver/Src/stm32f0xx_hal_gpio.c 0x00000000   Number         0  stm32f0xx_hal_gpio.o ABSOLUTE
    ../Drivers/STM32F0xx_HAL_Driver/Src/stm32f0xx_hal_i2c.c 0x00000000   Number         0  stm32f0xx_hal_i2c.o ABSOLUTE
    ../Drivers/STM32F0xx_HAL_Driver/Src/stm32f0xx_hal_i2c_ex.c 0x00000000   Number         0  stm32f0xx_hal_i2c_ex.o ABSOLUTE
    ../Drivers/STM32F0xx_HAL_Driver/Src/stm32f0xx_hal_pwr.c 0x00000000   Number         0  stm32f0xx_hal_pwr.o ABSOLUTE
    ../Drivers/STM32F0xx_HAL_Driver/Src/stm32f0xx_hal_pwr_ex.c 0x00000000   Number         0  stm32f0xx_hal_pwr_ex.o ABSOLUTE
    ../Drivers/STM32F0xx_HAL_Driver/Src/stm32f0xx_hal_rcc.c 0x00000000   Number         0  stm32f0xx_hal_rcc.o ABSOLUTE
    ../Drivers/STM32F0xx_HAL_Driver/Src/stm32f0xx_hal_rcc_ex.c 0x00000000   Number         0  stm32f0xx_hal_rcc_ex.o ABSOLUTE
    ../Drivers/STM32F0xx_HAL_Driver/Src/stm32f0xx_hal_rtc.c 0x00000000   Number         0  stm32f0xx_hal_rtc.o ABSOLUTE
    ../Drivers/STM32F0xx_HAL_Driver/Src/stm32f0xx_hal_rtc_ex.c 0x00000000   Number         0  stm32f0xx_hal_rtc_ex.o ABSOLUTE
    ../Drivers/STM32F0xx_HAL_Driver/Src/stm32f0xx_hal_tim.c 0x00000000   Number         0  stm32f0xx_hal_tim.o ABSOLUTE
    ../Drivers/STM32F0xx_HAL_Driver/Src/stm32f0xx_hal_tim_ex.c 0x00000000   Number         0  stm32f0xx_hal_tim_ex.o ABSOLUTE
    ../Drivers/STM32F0xx_HAL_Driver/Src/stm32f0xx_hal_uart.c 0x00000000   Number         0  stm32f0xx_hal_uart.o ABSOLUTE
    ../Drivers/STM32F0xx_HAL_Driver/Src/stm32f0xx_hal_uart_ex.c 0x00000000   Number         0  stm32f0xx_hal_uart_ex.o ABSOLUTE
    ../Src/dma.c                             0x00000000   Number         0  dma.o ABSOLUTE
    ../Src/gpio.c                            0x00000000   Number         0  gpio.o ABSOLUTE
    ../Src/main.c                            0x00000000   Number         0  main.o ABSOLUTE
    ../Src/rtc.c                             0x00000000   Number         0  rtc.o ABSOLUTE
    ../Src/stm32f0xx_hal_msp.c               0x00000000   Number         0  stm32f0xx_hal_msp.o ABSOLUTE
    ../Src/stm32f0xx_it.c                    0x00000000   Number         0  stm32f0xx_it.o ABSOLUTE
    ../Src/sys.c                             0x00000000   Number         0  sys.o ABSOLUTE
    ../Src/system_stm32f0xx.c                0x00000000   Number         0  system_stm32f0xx.o ABSOLUTE
    ../Src/usart.c                           0x00000000   Number         0  usart.o ABSOLUTE
    ../clib/microlib/ctype/ctype.c           0x00000000   Number         0  ctype_c.o ABSOLUTE
    ../clib/microlib/ctype/ctype.c           0x00000000   Number         0  isspace_c.o ABSOLUTE
    ../clib/microlib/division.c              0x00000000   Number         0  uidiv.o ABSOLUTE
    ../clib/microlib/division.c              0x00000000   Number         0  idiv.o ABSOLUTE
    ../clib/microlib/division.c              0x00000000   Number         0  uldiv.o ABSOLUTE
    ../clib/microlib/init/entry.s            0x00000000   Number         0  entry.o ABSOLUTE
    ../clib/microlib/init/entry.s            0x00000000   Number         0  entry9a.o ABSOLUTE
    ../clib/microlib/init/entry.s            0x00000000   Number         0  entry11a.o ABSOLUTE
    ../clib/microlib/init/entry.s            0x00000000   Number         0  entry10b.o ABSOLUTE
    ../clib/microlib/init/entry.s            0x00000000   Number         0  entry9b.o ABSOLUTE
    ../clib/microlib/init/entry.s            0x00000000   Number         0  entry8b.o ABSOLUTE
    ../clib/microlib/init/entry.s            0x00000000   Number         0  entry8a.o ABSOLUTE
    ../clib/microlib/init/entry.s            0x00000000   Number         0  entry7b.o ABSOLUTE
    ../clib/microlib/init/entry.s            0x00000000   Number         0  entry10a.o ABSOLUTE
    ../clib/microlib/init/entry.s            0x00000000   Number         0  entry5.o ABSOLUTE
    ../clib/microlib/init/entry.s            0x00000000   Number         0  entry2.o ABSOLUTE
    ../clib/microlib/init/entry.s            0x00000000   Number         0  entry11b.o ABSOLUTE
    ../clib/microlib/init/entry.s            0x00000000   Number         0  entry7a.o ABSOLUTE
    ../clib/microlib/longlong.c              0x00000000   Number         0  llushr.o ABSOLUTE
    ../clib/microlib/longlong.c              0x00000000   Number         0  llshl.o ABSOLUTE
    ../clib/microlib/longlong.c              0x00000000   Number         0  llsshr.o ABSOLUTE
    ../clib/microlib/printf/printf.c         0x00000000   Number         0  printf6.o ABSOLUTE
    ../clib/microlib/printf/printf.c         0x00000000   Number         0  printf5.o ABSOLUTE
    ../clib/microlib/printf/printf.c         0x00000000   Number         0  printf2.o ABSOLUTE
    ../clib/microlib/printf/printf.c         0x00000000   Number         0  printf1.o ABSOLUTE
    ../clib/microlib/printf/printf.c         0x00000000   Number         0  printfb.o ABSOLUTE
    ../clib/microlib/printf/printf.c         0x00000000   Number         0  printf0.o ABSOLUTE
    ../clib/microlib/printf/printf.c         0x00000000   Number         0  printf4.o ABSOLUTE
    ../clib/microlib/printf/printf.c         0x00000000   Number         0  printfa.o ABSOLUTE
    ../clib/microlib/printf/printf.c         0x00000000   Number         0  printf8.o ABSOLUTE
    ../clib/microlib/printf/printf.c         0x00000000   Number         0  printf3.o ABSOLUTE
    ../clib/microlib/printf/printf.c         0x00000000   Number         0  printf7.o ABSOLUTE
    ../clib/microlib/printf/stubs.s          0x00000000   Number         0  stubs.o ABSOLUTE
    ../clib/microlib/stdio/streams.c         0x00000000   Number         0  stdout.o ABSOLUTE
    ../clib/microlib/string/memcpy.c         0x00000000   Number         0  memcpyb.o ABSOLUTE
    ../clib/microlib/string/memcpy.c         0x00000000   Number         0  memcpya.o ABSOLUTE
    ../clib/microlib/string/memset.c         0x00000000   Number         0  memseta.o ABSOLUTE
    ../clib/microlib/string/strchr.c         0x00000000   Number         0  strchr.o ABSOLUTE
    ../clib/microlib/string/strlen.c         0x00000000   Number         0  strlen.o ABSOLUTE
    ../clib/microlib/string/strstr.c         0x00000000   Number         0  strstr.o ABSOLUTE
    ../clib/microlib/stubs.s                 0x00000000   Number         0  iusefp.o ABSOLUTE
    ../clib/microlib/unhosted.c              0x00000000   Number         0  uread4.o ABSOLUTE
    ../clib/scanf.c                          0x00000000   Number         0  __0sscanf.o ABSOLUTE
    ../clib/scanf.c                          0x00000000   Number         0  scanf_char.o ABSOLUTE
    ../clib/scanf.c                          0x00000000   Number         0  _sgetc.o ABSOLUTE
    ../clib/scanf.c                          0x00000000   Number         0  _chval.o ABSOLUTE
    ../clib/scanf.c                          0x00000000   Number         0  _scanf.o ABSOLUTE
    ../clib/scanf.c                          0x00000000   Number         0  _scanf_str.o ABSOLUTE
    ../clib/scanf.c                          0x00000000   Number         0  _scanf_int.o ABSOLUTE
    ../fplib/microlib/fpadd.c                0x00000000   Number         0  dadd.o ABSOLUTE
    ../fplib/microlib/fpdiv.c                0x00000000   Number         0  ddiv.o ABSOLUTE
    ../fplib/microlib/fpepilogue.c           0x00000000   Number         0  depilogue.o ABSOLUTE
    ../fplib/microlib/fpfix.c                0x00000000   Number         0  dfixul.o ABSOLUTE
    ../fplib/microlib/fpmul.c                0x00000000   Number         0  dmul.o ABSOLUTE
    ..\Drivers\STM32F0xx_HAL_Driver\Src\stm32f0xx_hal.c 0x00000000   Number         0  stm32f0xx_hal.o ABSOLUTE
    ..\Drivers\STM32F0xx_HAL_Driver\Src\stm32f0xx_hal_cortex.c 0x00000000   Number         0  stm32f0xx_hal_cortex.o ABSOLUTE
    ..\Drivers\STM32F0xx_HAL_Driver\Src\stm32f0xx_hal_dma.c 0x00000000   Number         0  stm32f0xx_hal_dma.o ABSOLUTE
    ..\Drivers\STM32F0xx_HAL_Driver\Src\stm32f0xx_hal_exti.c 0x00000000   Number         0  stm32f0xx_hal_exti.o ABSOLUTE
    ..\Drivers\STM32F0xx_HAL_Driver\Src\stm32f0xx_hal_flash.c 0x00000000   Number         0  stm32f0xx_hal_flash.o ABSOLUTE
    ..\Drivers\STM32F0xx_HAL_Driver\Src\stm32f0xx_hal_flash_ex.c 0x00000000   Number         0  stm32f0xx_hal_flash_ex.o ABSOLUTE
    ..\Drivers\STM32F0xx_HAL_Driver\Src\stm32f0xx_hal_gpio.c 0x00000000   Number         0  stm32f0xx_hal_gpio.o ABSOLUTE
    ..\Drivers\STM32F0xx_HAL_Driver\Src\stm32f0xx_hal_i2c.c 0x00000000   Number         0  stm32f0xx_hal_i2c.o ABSOLUTE
    ..\Drivers\STM32F0xx_HAL_Driver\Src\stm32f0xx_hal_i2c_ex.c 0x00000000   Number         0  stm32f0xx_hal_i2c_ex.o ABSOLUTE
    ..\Drivers\STM32F0xx_HAL_Driver\Src\stm32f0xx_hal_pwr.c 0x00000000   Number         0  stm32f0xx_hal_pwr.o ABSOLUTE
    ..\Drivers\STM32F0xx_HAL_Driver\Src\stm32f0xx_hal_pwr_ex.c 0x00000000   Number         0  stm32f0xx_hal_pwr_ex.o ABSOLUTE
    ..\Drivers\STM32F0xx_HAL_Driver\Src\stm32f0xx_hal_rcc.c 0x00000000   Number         0  stm32f0xx_hal_rcc.o ABSOLUTE
    ..\Drivers\STM32F0xx_HAL_Driver\Src\stm32f0xx_hal_rcc_ex.c 0x00000000   Number         0  stm32f0xx_hal_rcc_ex.o ABSOLUTE
    ..\Drivers\STM32F0xx_HAL_Driver\Src\stm32f0xx_hal_rtc.c 0x00000000   Number         0  stm32f0xx_hal_rtc.o ABSOLUTE
    ..\Drivers\STM32F0xx_HAL_Driver\Src\stm32f0xx_hal_rtc_ex.c 0x00000000   Number         0  stm32f0xx_hal_rtc_ex.o ABSOLUTE
    ..\Drivers\STM32F0xx_HAL_Driver\Src\stm32f0xx_hal_tim.c 0x00000000   Number         0  stm32f0xx_hal_tim.o ABSOLUTE
    ..\Drivers\STM32F0xx_HAL_Driver\Src\stm32f0xx_hal_tim_ex.c 0x00000000   Number         0  stm32f0xx_hal_tim_ex.o ABSOLUTE
    ..\Drivers\STM32F0xx_HAL_Driver\Src\stm32f0xx_hal_uart.c 0x00000000   Number         0  stm32f0xx_hal_uart.o ABSOLUTE
    ..\Drivers\STM32F0xx_HAL_Driver\Src\stm32f0xx_hal_uart_ex.c 0x00000000   Number         0  stm32f0xx_hal_uart_ex.o ABSOLUTE
    ..\Src\codec.c                           0x00000000   Number         0  codec.o ABSOLUTE
    ..\Src\crc16.c                           0x00000000   Number         0  crc16.o ABSOLUTE
    ..\Src\dht11.c                           0x00000000   Number         0  dht11.o ABSOLUTE
    ..\Src\dma.c                             0x00000000   Number         0  dma.o ABSOLUTE
    ..\Src\gpio.c                            0x00000000   Number         0  gpio.o ABSOLUTE
    ..\Src\main.c                            0x00000000   Number         0  main.o ABSOLUTE
    ..\Src\nbiotdriver.c                     0x00000000   Number         0  nbiotdriver.o ABSOLUTE
    ..\Src\respond.c                         0x00000000   Number         0  respond.o ABSOLUTE
    ..\Src\rtc.c                             0x00000000   Number         0  rtc.o ABSOLUTE
    ..\Src\stm32f0xx_hal_msp.c               0x00000000   Number         0  stm32f0xx_hal_msp.o ABSOLUTE
    ..\Src\stm32f0xx_it.c                    0x00000000   Number         0  stm32f0xx_it.o ABSOLUTE
    ..\Src\sys.c                             0x00000000   Number         0  sys.o ABSOLUTE
    ..\Src\system_stm32f0xx.c                0x00000000   Number         0  system_stm32f0xx.o ABSOLUTE
    ..\Src\time.c                            0x00000000   Number         0  time.o ABSOLUTE
    ..\Src\usart.c                           0x00000000   Number         0  usart.o ABSOLUTE
    ..\\Src\\codec.c                         0x00000000   Number         0  codec.o ABSOLUTE
    ..\\Src\\crc16.c                         0x00000000   Number         0  crc16.o ABSOLUTE
    ..\\Src\\dht11.c                         0x00000000   Number         0  dht11.o ABSOLUTE
    ..\\Src\\nbiotdriver.c                   0x00000000   Number         0  nbiotdriver.o ABSOLUTE
    ..\\Src\\respond.c                       0x00000000   Number         0  respond.o ABSOLUTE
    ..\\Src\\time.c                          0x00000000   Number         0  time.o ABSOLUTE
    cdrcmple.s                               0x00000000   Number         0  cdrcmple.o ABSOLUTE
    dc.s                                     0x00000000   Number         0  dc.o ABSOLUTE
    handlers.s                               0x00000000   Number         0  handlers.o ABSOLUTE
    init.s                                   0x00000000   Number         0  init.o ABSOLUTE
    startup_stm32f030x6.s                    0x00000000   Number         0  startup_stm32f030x6.o ABSOLUTE
    RESET                                    0x08000000   Section      176  startup_stm32f030x6.o(RESET)
    .ARM.Collect$$$$00000000                 0x080000b0   Section        0  entry.o(.ARM.Collect$$$$00000000)
    .ARM.Collect$$$$00000001                 0x080000b0   Section        4  entry2.o(.ARM.Collect$$$$00000001)
    .ARM.Collect$$$$00000004                 0x080000b4   Section        4  entry5.o(.ARM.Collect$$$$00000004)
    .ARM.Collect$$$$00000008                 0x080000b8   Section        0  entry7b.o(.ARM.Collect$$$$00000008)
    .ARM.Collect$$$$0000000A                 0x080000b8   Section        0  entry8b.o(.ARM.Collect$$$$0000000A)
    .ARM.Collect$$$$0000000B                 0x080000b8   Section        8  entry9a.o(.ARM.Collect$$$$0000000B)
    .ARM.Collect$$$$0000000D                 0x080000c0   Section        0  entry10a.o(.ARM.Collect$$$$0000000D)
    .ARM.Collect$$$$0000000F                 0x080000c0   Section        0  entry11a.o(.ARM.Collect$$$$0000000F)
    .ARM.Collect$$$$00002712                 0x080000c0   Section        4  entry2.o(.ARM.Collect$$$$00002712)
    __lit__00000000                          0x080000c0   Data           4  entry2.o(.ARM.Collect$$$$00002712)
    .text                                    0x080000c4   Section       28  startup_stm32f030x6.o(.text)
    .text                                    0x080000e0   Section        0  uidiv.o(.text)
    .text                                    0x0800010c   Section        0  uldiv.o(.text)
    .text                                    0x0800016c   Section        0  llushr.o(.text)
    .text                                    0x0800018e   Section        0  memcpya.o(.text)
    .text                                    0x080001b2   Section        0  memseta.o(.text)
    .text                                    0x080001d6   Section        0  strstr.o(.text)
    .text                                    0x080001fe   Section        0  strchr.o(.text)
    .text                                    0x08000212   Section        0  strlen.o(.text)
    .text                                    0x08000220   Section        0  uread4.o(.text)
    .text                                    0x08000234   Section        0  __0sscanf.o(.text)
    .text                                    0x08000270   Section        0  _scanf_int.o(.text)
    .text                                    0x080003ba   Section        0  _scanf_str.o(.text)
    .text                                    0x080004a2   Section        0  llshl.o(.text)
    .text                                    0x080004c2   Section        0  _chval.o(.text)
    .text                                    0x080004e0   Section        0  scanf_char.o(.text)
    _scanf_char_input                        0x080004e1   Thumb Code    12  scanf_char.o(.text)
    .text                                    0x0800050c   Section        0  _sgetc.o(.text)
    .text                                    0x08000550   Section       36  init.o(.text)
    .text                                    0x08000574   Section        0  isspace_c.o(.text)
    .text                                    0x08000584   Section        0  _scanf.o(.text)
    .text                                    0x080008bc   Section        0  ctype_c.o(.text)
    i.ATRec                                  0x080008e0   Section        0  nbiotdriver.o(i.ATRec)
    i.ATSend                                 0x0800094c   Section        0  nbiotdriver.o(i.ATSend)
    i.CompareTime                            0x080009a4   Section        0  time.o(i.CompareTime)
    i.DHT11_Check                            0x080009be   Section        0  dht11.o(i.DHT11_Check)
    i.DHT11_Read_Bit                         0x08000a28   Section        0  dht11.o(i.DHT11_Read_Bit)
    i.DHT11_Read_Byte                        0x08000a80   Section        0  dht11.o(i.DHT11_Read_Byte)
    i.DHT11_Read_Data                        0x08000a9a   Section        0  dht11.o(i.DHT11_Read_Data)
    i.DHT11_Rst                              0x08000ae2   Section        0  dht11.o(i.DHT11_Rst)
    i.DMA1_Channel2_3_IRQHandler             0x08000b20   Section        0  stm32f0xx_it.o(i.DMA1_Channel2_3_IRQHandler)
    i.DMA_CalcBaseAndBitshift                0x08000b30   Section        0  stm32f0xx_hal_dma.o(i.DMA_CalcBaseAndBitshift)
    DMA_CalcBaseAndBitshift                  0x08000b31   Thumb Code    26  stm32f0xx_hal_dma.o(i.DMA_CalcBaseAndBitshift)
    i.DMA_SetConfig                          0x08000b54   Section        0  stm32f0xx_hal_dma.o(i.DMA_SetConfig)
    DMA_SetConfig                            0x08000b55   Thumb Code    40  stm32f0xx_hal_dma.o(i.DMA_SetConfig)
    i.EnableUartIT                           0x08000b7c   Section        0  usart.o(i.EnableUartIT)
    i.Error_Handler                          0x08000ba4   Section        0  main.o(i.Error_Handler)
    i.HAL_DMA_Abort                          0x08000ba6   Section        0  stm32f0xx_hal_dma.o(i.HAL_DMA_Abort)
    i.HAL_DMA_Abort_IT                       0x08000be6   Section        0  stm32f0xx_hal_dma.o(i.HAL_DMA_Abort_IT)
    i.HAL_DMA_GetError                       0x08000c2e   Section        0  stm32f0xx_hal_dma.o(i.HAL_DMA_GetError)
    i.HAL_DMA_IRQHandler                     0x08000c32   Section        0  stm32f0xx_hal_dma.o(i.HAL_DMA_IRQHandler)
    i.HAL_DMA_Init                           0x08000cd0   Section        0  stm32f0xx_hal_dma.o(i.HAL_DMA_Init)
    i.HAL_DMA_Start_IT                       0x08000d24   Section        0  stm32f0xx_hal_dma.o(i.HAL_DMA_Start_IT)
    i.HAL_Delay                              0x08000d90   Section        0  stm32f0xx_hal.o(i.HAL_Delay)
    i.HAL_GPIO_Init                          0x08000db4   Section        0  stm32f0xx_hal_gpio.o(i.HAL_GPIO_Init)
    i.HAL_GPIO_ReadPin                       0x08000efc   Section        0  stm32f0xx_hal_gpio.o(i.HAL_GPIO_ReadPin)
    i.HAL_GPIO_WritePin                      0x08000f06   Section        0  stm32f0xx_hal_gpio.o(i.HAL_GPIO_WritePin)
    i.HAL_GetTick                            0x08000f14   Section        0  stm32f0xx_hal.o(i.HAL_GetTick)
    i.HAL_IncTick                            0x08000f20   Section        0  stm32f0xx_hal.o(i.HAL_IncTick)
    i.HAL_Init                               0x08000f30   Section        0  stm32f0xx_hal.o(i.HAL_Init)
    i.HAL_InitTick                           0x08000f50   Section        0  stm32f0xx_hal.o(i.HAL_InitTick)
    i.HAL_MspInit                            0x08000f94   Section        0  stm32f0xx_hal_msp.o(i.HAL_MspInit)
    i.HAL_NVIC_EnableIRQ                     0x08000fbc   Section        0  stm32f0xx_hal_cortex.o(i.HAL_NVIC_EnableIRQ)
    i.HAL_NVIC_SetPriority                   0x08000fd4   Section        0  stm32f0xx_hal_cortex.o(i.HAL_NVIC_SetPriority)
    i.HAL_PWR_EnterSTOPMode                  0x08000fdc   Section        0  stm32f0xx_hal_pwr.o(i.HAL_PWR_EnterSTOPMode)
    i.HAL_RCCEx_PeriphCLKConfig              0x08001010   Section        0  stm32f0xx_hal_rcc_ex.o(i.HAL_RCCEx_PeriphCLKConfig)
    i.HAL_RCC_ClockConfig                    0x080010f8   Section        0  stm32f0xx_hal_rcc.o(i.HAL_RCC_ClockConfig)
    i.HAL_RCC_GetPCLK1Freq                   0x08001200   Section        0  stm32f0xx_hal_rcc.o(i.HAL_RCC_GetPCLK1Freq)
    i.HAL_RCC_GetSysClockFreq                0x08001220   Section        0  stm32f0xx_hal_rcc.o(i.HAL_RCC_GetSysClockFreq)
    i.HAL_RCC_OscConfig                      0x080012a0   Section        0  stm32f0xx_hal_rcc.o(i.HAL_RCC_OscConfig)
    i.HAL_RTC_AlarmAEventCallback            0x08001628   Section        0  rtc.o(i.HAL_RTC_AlarmAEventCallback)
    i.HAL_RTC_AlarmIRQHandler                0x080016a8   Section        0  stm32f0xx_hal_rtc.o(i.HAL_RTC_AlarmIRQHandler)
    i.HAL_RTC_GetDate                        0x080016e0   Section        0  stm32f0xx_hal_rtc.o(i.HAL_RTC_GetDate)
    i.HAL_RTC_GetTime                        0x08001724   Section        0  stm32f0xx_hal_rtc.o(i.HAL_RTC_GetTime)
    i.HAL_RTC_Init                           0x08001780   Section        0  stm32f0xx_hal_rtc.o(i.HAL_RTC_Init)
    i.HAL_RTC_MspInit                        0x08001834   Section        0  rtc.o(i.HAL_RTC_MspInit)
    i.HAL_RTC_SetAlarm_IT                    0x08001864   Section        0  stm32f0xx_hal_rtc.o(i.HAL_RTC_SetAlarm_IT)
    i.HAL_RTC_SetDate                        0x08001988   Section        0  stm32f0xx_hal_rtc.o(i.HAL_RTC_SetDate)
    i.HAL_RTC_SetTime                        0x08001a44   Section        0  stm32f0xx_hal_rtc.o(i.HAL_RTC_SetTime)
    i.HAL_RTC_WaitForSynchro                 0x08001b20   Section        0  stm32f0xx_hal_rtc.o(i.HAL_RTC_WaitForSynchro)
    i.HAL_SYSTICK_Config                     0x08001b54   Section        0  stm32f0xx_hal_cortex.o(i.HAL_SYSTICK_Config)
    i.HAL_UART_DMAStop                       0x08001b84   Section        0  stm32f0xx_hal_uart.o(i.HAL_UART_DMAStop)
    i.HAL_UART_ErrorCallback                 0x08001bfe   Section        0  stm32f0xx_hal_uart.o(i.HAL_UART_ErrorCallback)
    i.HAL_UART_IRQHandler                    0x08001c00   Section        0  stm32f0xx_hal_uart.o(i.HAL_UART_IRQHandler)
    i.HAL_UART_Init                          0x08001d48   Section        0  stm32f0xx_hal_uart.o(i.HAL_UART_Init)
    i.HAL_UART_MspInit                       0x08001db4   Section        0  usart.o(i.HAL_UART_MspInit)
    i.HAL_UART_Receive_DMA                   0x08001e54   Section        0  stm32f0xx_hal_uart.o(i.HAL_UART_Receive_DMA)
    i.HAL_UART_RxCpltCallback                0x08001f0c   Section        0  usart.o(i.HAL_UART_RxCpltCallback)
    i.HAL_UART_RxHalfCpltCallback            0x08001f4c   Section        0  stm32f0xx_hal_uart.o(i.HAL_UART_RxHalfCpltCallback)
    i.HAL_UART_Transmit                      0x08001f4e   Section        0  stm32f0xx_hal_uart.o(i.HAL_UART_Transmit)
    i.HAL_UART_TxCpltCallback                0x0800201c   Section        0  stm32f0xx_hal_uart.o(i.HAL_UART_TxCpltCallback)
    i.HardFault_Handler                      0x0800201e   Section        0  stm32f0xx_it.o(i.HardFault_Handler)
    i.ISRcal_crc16                           0x08002020   Section        0  crc16.o(i.ISRcal_crc16)
    i.MX_DMA_Init                            0x0800205c   Section        0  dma.o(i.MX_DMA_Init)
    i.MX_GPIO_Init                           0x08002084   Section        0  gpio.o(i.MX_GPIO_Init)
    i.MX_RTC_Init                            0x08002120   Section        0  rtc.o(i.MX_RTC_Init)
    i.MX_USART1_UART_Init                    0x080021d0   Section        0  usart.o(i.MX_USART1_UART_Init)
    i.NB_Init                                0x08002208   Section        0  nbiotdriver.o(i.NB_Init)
    i.NB_Task                                0x0800221c   Section        0  nbiotdriver.o(i.NB_Task)
    i.NMI_Handler                            0x080022dc   Section        0  stm32f0xx_it.o(i.NMI_Handler)
    i.ParseCommand                           0x080022e0   Section        0  codec.o(i.ParseCommand)
    i.PendSV_Handler                         0x0800249c   Section        0  stm32f0xx_it.o(i.PendSV_Handler)
    i.RTC_Bcd2ToByte                         0x0800249e   Section        0  stm32f0xx_hal_rtc.o(i.RTC_Bcd2ToByte)
    i.RTC_ByteToBcd2                         0x080024ae   Section        0  stm32f0xx_hal_rtc.o(i.RTC_ByteToBcd2)
    i.RTC_EnterInitMode                      0x080024c4   Section        0  stm32f0xx_hal_rtc.o(i.RTC_EnterInitMode)
    i.RTC_IRQHandler                         0x080024fc   Section        0  stm32f0xx_it.o(i.RTC_IRQHandler)
    i.RespondData                            0x0800250c   Section        0  codec.o(i.RespondData)
    i.SVC_Handler                            0x080025d4   Section        0  stm32f0xx_it.o(i.SVC_Handler)
    i.SendNBData                             0x080025d8   Section        0  codec.o(i.SendNBData)
    i.SetTime                                0x080026dc   Section        0  time.o(i.SetTime)
    i.SysTick_Handler                        0x080026ea   Section        0  stm32f0xx_it.o(i.SysTick_Handler)
    i.SystemClock_Config                     0x080026f4   Section        0  main.o(i.SystemClock_Config)
    i.SystemInit                             0x08002754   Section        0  system_stm32f0xx.o(i.SystemInit)
    i.TriggerSendData                        0x08002758   Section        0  nbiotdriver.o(i.TriggerSendData)
    i.UART_AdvFeatureConfig                  0x0800276c   Section        0  stm32f0xx_hal_uart.o(i.UART_AdvFeatureConfig)
    i.UART_CheckIdleState                    0x08002838   Section        0  stm32f0xx_hal_uart.o(i.UART_CheckIdleState)
    i.UART_DMAAbortOnError                   0x08002898   Section        0  stm32f0xx_hal_uart.o(i.UART_DMAAbortOnError)
    UART_DMAAbortOnError                     0x08002899   Thumb Code    20  stm32f0xx_hal_uart.o(i.UART_DMAAbortOnError)
    i.UART_DMAError                          0x080028ac   Section        0  stm32f0xx_hal_uart.o(i.UART_DMAError)
    UART_DMAError                            0x080028ad   Thumb Code    72  stm32f0xx_hal_uart.o(i.UART_DMAError)
    i.UART_DMAReceiveCplt                    0x080028f4   Section        0  stm32f0xx_hal_uart.o(i.UART_DMAReceiveCplt)
    UART_DMAReceiveCplt                      0x080028f5   Thumb Code    60  stm32f0xx_hal_uart.o(i.UART_DMAReceiveCplt)
    i.UART_DMARxHalfCplt                     0x08002930   Section        0  stm32f0xx_hal_uart.o(i.UART_DMARxHalfCplt)
    UART_DMARxHalfCplt                       0x08002931   Thumb Code    10  stm32f0xx_hal_uart.o(i.UART_DMARxHalfCplt)
    i.UART_EndRxTransfer                     0x0800293a   Section        0  stm32f0xx_hal_uart.o(i.UART_EndRxTransfer)
    UART_EndRxTransfer                       0x0800293b   Thumb Code    32  stm32f0xx_hal_uart.o(i.UART_EndRxTransfer)
    i.UART_EndTxTransfer                     0x0800295a   Section        0  stm32f0xx_hal_uart.o(i.UART_EndTxTransfer)
    UART_EndTxTransfer                       0x0800295b   Thumb Code    16  stm32f0xx_hal_uart.o(i.UART_EndTxTransfer)
    i.UART_SetConfig                         0x0800296c   Section        0  stm32f0xx_hal_uart.o(i.UART_SetConfig)
    i.UART_WaitOnFlagUntilTimeout            0x08002a9c   Section        0  stm32f0xx_hal_uart.o(i.UART_WaitOnFlagUntilTimeout)
    i.USART1_IRQHandler                      0x08002b38   Section        0  stm32f0xx_it.o(i.USART1_IRQHandler)
    i.__0printf$8                            0x08002b8c   Section        0  printf8.o(i.__0printf$8)
    i.__0sprintf$8                           0x08002bac   Section        0  printf8.o(i.__0sprintf$8)
    i.__ARM_common_ll_muluu                  0x08002bd4   Section        0  stm32f0xx_hal_rcc.o(i.__ARM_common_ll_muluu)
    i.__NVIC_SetPriority                     0x08002c04   Section        0  stm32f0xx_hal_cortex.o(i.__NVIC_SetPriority)
    __NVIC_SetPriority                       0x08002c05   Thumb Code    60  stm32f0xx_hal_cortex.o(i.__NVIC_SetPriority)
    i.__scatterload_copy                     0x08002c48   Section       14  handlers.o(i.__scatterload_copy)
    i.__scatterload_null                     0x08002c56   Section        2  handlers.o(i.__scatterload_null)
    i.__scatterload_zeroinit                 0x08002c58   Section       14  handlers.o(i.__scatterload_zeroinit)
    i._printf_core                           0x08002c68   Section        0  printf8.o(i._printf_core)
    _printf_core                             0x08002c69   Thumb Code  1020  printf8.o(i._printf_core)
    i._printf_post_padding                   0x08003090   Section        0  printf8.o(i._printf_post_padding)
    _printf_post_padding                     0x08003091   Thumb Code    32  printf8.o(i._printf_post_padding)
    i._printf_pre_padding                    0x080030b0   Section        0  printf8.o(i._printf_pre_padding)
    _printf_pre_padding                      0x080030b1   Thumb Code    44  printf8.o(i._printf_pre_padding)
    i._sputc                                 0x080030dc   Section        0  printf8.o(i._sputc)
    _sputc                                   0x080030dd   Thumb Code    10  printf8.o(i._sputc)
    i.delay_us                               0x080030e6   Section        0  dht11.o(i.delay_us)
    i.fputc                                  0x080030fc   Section        0  main.o(i.fputc)
    i.hex2byte                               0x08003110   Section        0  codec.o(i.hex2byte)
    i.main                                   0x08003148   Section        0  main.o(i.main)
    .constdata                               0x0800324c   Section       16  system_stm32f0xx.o(.constdata)
    .constdata                               0x0800325c   Section        8  system_stm32f0xx.o(.constdata)
    .constdata                               0x08003264   Section       64  ctype_c.o(.constdata)
    .conststring                             0x080032a4   Section      130  codec.o(.conststring)
    .conststring                             0x08003328   Section      203  nbiotdriver.o(.conststring)
    .data                                    0x20000000   Section        8  codec.o(.data)
    .data                                    0x20000008   Section      148  nbiotdriver.o(.data)
    CurrentRty                               0x20000009   Data           1  nbiotdriver.o(.data)
    ATRecCmdNum                              0x2000000a   Data           1  nbiotdriver.o(.data)
    ATCurrentCmdNum                          0x2000000b   Data           1  nbiotdriver.o(.data)
    ATNextCmdNum                             0x2000000c   Data           1  nbiotdriver.o(.data)
    NB_TaskStatus                            0x2000000d   Data           1  nbiotdriver.o(.data)
    TimeNB                                   0x20000010   Data           8  nbiotdriver.o(.data)
    .data                                    0x2000009c   Section        5  rtc.o(.data)
    .data                                    0x200000a4   Section       12  stm32f0xx_hal.o(.data)
    .data                                    0x200000b0   Section        4  system_stm32f0xx.o(.data)
    .data                                    0x200000b4   Section        4  stdout.o(.data)
    .bss                                     0x200000b8   Section       60  codec.o(.bss)
    .bss                                     0x200000f4   Section       92  rtc.o(.bss)
    .bss                                     0x20000150   Section     1484  usart.o(.bss)
    STACK                                    0x20000720   Section     1024  startup_stm32f030x6.o(STACK)

    Global Symbols

    Symbol Name                              Value     Ov Type        Size  Object(Section)

    BuildAttributes$$THM_ISAv3M$S$PE$A:L22$X:L11$S22$IEEE1$IW$USESV6$~STKCKD$USESV7$~SHL$OSPACE$ROPI$EBA8$MICROLIB$REQ8$PRES8$EABIv2 0x00000000   Number         0  anon$$obj.o ABSOLUTE
    __ARM_use_no_argv                        0x00000000   Number         0  main.o ABSOLUTE
    _printf_a                                0x00000000   Number         0  stubs.o ABSOLUTE
    _printf_c                                0x00000000   Number         0  stubs.o ABSOLUTE
    _printf_charcount                        0x00000000   Number         0  stubs.o ABSOLUTE
    _printf_d                                0x00000000   Number         0  stubs.o ABSOLUTE
    _printf_e                                0x00000000   Number         0  stubs.o ABSOLUTE
    _printf_f                                0x00000000   Number         0  stubs.o ABSOLUTE
    _printf_flags                            0x00000000   Number         0  stubs.o ABSOLUTE
    _printf_fp_dec                           0x00000000   Number         0  stubs.o ABSOLUTE
    _printf_fp_hex                           0x00000000   Number         0  stubs.o ABSOLUTE
    _printf_g                                0x00000000   Number         0  stubs.o ABSOLUTE
    _printf_i                                0x00000000   Number         0  stubs.o ABSOLUTE
    _printf_int_dec                          0x00000000   Number         0  stubs.o ABSOLUTE
    _printf_l                                0x00000000   Number         0  stubs.o ABSOLUTE
    _printf_lc                               0x00000000   Number         0  stubs.o ABSOLUTE
    _printf_ll                               0x00000000   Number         0  stubs.o ABSOLUTE
    _printf_lld                              0x00000000   Number         0  stubs.o ABSOLUTE
    _printf_lli                              0x00000000   Number         0  stubs.o ABSOLUTE
    _printf_llo                              0x00000000   Number         0  stubs.o ABSOLUTE
    _printf_llu                              0x00000000   Number         0  stubs.o ABSOLUTE
    _printf_llx                              0x00000000   Number         0  stubs.o ABSOLUTE
    _printf_longlong_dec                     0x00000000   Number         0  stubs.o ABSOLUTE
    _printf_longlong_hex                     0x00000000   Number         0  stubs.o ABSOLUTE
    _printf_longlong_oct                     0x00000000   Number         0  stubs.o ABSOLUTE
    _printf_ls                               0x00000000   Number         0  stubs.o ABSOLUTE
    _printf_mbtowc                           0x00000000   Number         0  stubs.o ABSOLUTE
    _printf_n                                0x00000000   Number         0  stubs.o ABSOLUTE
    _printf_o                                0x00000000   Number         0  stubs.o ABSOLUTE
    _printf_p                                0x00000000   Number         0  stubs.o ABSOLUTE
    _printf_percent                          0x00000000   Number         0  stubs.o ABSOLUTE
    _printf_pre_padding                      0x00000000   Number         0  stubs.o ABSOLUTE
    _printf_return_value                     0x00000000   Number         0  stubs.o ABSOLUTE
    _printf_s                                0x00000000   Number         0  stubs.o ABSOLUTE
    _printf_sizespec                         0x00000000   Number         0  stubs.o ABSOLUTE
    _printf_str                              0x00000000   Number         0  stubs.o ABSOLUTE
    _printf_truncate_signed                  0x00000000   Number         0  stubs.o ABSOLUTE
    _printf_truncate_unsigned                0x00000000   Number         0  stubs.o ABSOLUTE
    _printf_u                                0x00000000   Number         0  stubs.o ABSOLUTE
    _printf_wc                               0x00000000   Number         0  stubs.o ABSOLUTE
    _printf_wctomb                           0x00000000   Number         0  stubs.o ABSOLUTE
    _printf_widthprec                        0x00000000   Number         0  stubs.o ABSOLUTE
    _printf_x                                0x00000000   Number         0  stubs.o ABSOLUTE
    __cpp_initialize__aeabi_                  - Undefined Weak Reference
    __cxa_finalize                            - Undefined Weak Reference
    __decompress                              - Undefined Weak Reference
    _clock_init                               - Undefined Weak Reference
    _microlib_exit                            - Undefined Weak Reference
    _scanf_longlong                           - Undefined Weak Reference
    _scanf_real                               - Undefined Weak Reference
    __Vectors_Size                           0x000000b0   Number         0  startup_stm32f030x6.o ABSOLUTE
    __Vectors                                0x08000000   Data           4  startup_stm32f030x6.o(RESET)
    __Vectors_End                            0x080000b0   Data           0  startup_stm32f030x6.o(RESET)
    __main                                   0x080000b1   Thumb Code     0  entry.o(.ARM.Collect$$$$00000000)
    _main_stk                                0x080000b1   Thumb Code     0  entry2.o(.ARM.Collect$$$$00000001)
    _main_scatterload                        0x080000b5   Thumb Code     0  entry5.o(.ARM.Collect$$$$00000004)
    __main_after_scatterload                 0x080000b9   Thumb Code     0  entry5.o(.ARM.Collect$$$$00000004)
    _main_clock                              0x080000b9   Thumb Code     0  entry7b.o(.ARM.Collect$$$$00000008)
    _main_cpp_init                           0x080000b9   Thumb Code     0  entry8b.o(.ARM.Collect$$$$0000000A)
    _main_init                               0x080000b9   Thumb Code     0  entry9a.o(.ARM.Collect$$$$0000000B)
    __rt_final_cpp                           0x080000c1   Thumb Code     0  entry10a.o(.ARM.Collect$$$$0000000D)
    __rt_final_exit                          0x080000c1   Thumb Code     0  entry11a.o(.ARM.Collect$$$$0000000F)
    Reset_Handler                            0x080000c5   Thumb Code     8  startup_stm32f030x6.o(.text)
    ADC1_IRQHandler                          0x080000d7   Thumb Code     0  startup_stm32f030x6.o(.text)
    DMA1_Channel1_IRQHandler                 0x080000d7   Thumb Code     0  startup_stm32f030x6.o(.text)
    DMA1_Channel4_5_IRQHandler               0x080000d7   Thumb Code     0  startup_stm32f030x6.o(.text)
    EXTI0_1_IRQHandler                       0x080000d7   Thumb Code     0  startup_stm32f030x6.o(.text)
    EXTI2_3_IRQHandler                       0x080000d7   Thumb Code     0  startup_stm32f030x6.o(.text)
    EXTI4_15_IRQHandler                      0x080000d7   Thumb Code     0  startup_stm32f030x6.o(.text)
    FLASH_IRQHandler                         0x080000d7   Thumb Code     0  startup_stm32f030x6.o(.text)
    I2C1_IRQHandler                          0x080000d7   Thumb Code     0  startup_stm32f030x6.o(.text)
    RCC_IRQHandler                           0x080000d7   Thumb Code     0  startup_stm32f030x6.o(.text)
    SPI1_IRQHandler                          0x080000d7   Thumb Code     0  startup_stm32f030x6.o(.text)
    TIM14_IRQHandler                         0x080000d7   Thumb Code     0  startup_stm32f030x6.o(.text)
    TIM16_IRQHandler                         0x080000d7   Thumb Code     0  startup_stm32f030x6.o(.text)
    TIM17_IRQHandler                         0x080000d7   Thumb Code     0  startup_stm32f030x6.o(.text)
    TIM1_BRK_UP_TRG_COM_IRQHandler           0x080000d7   Thumb Code     0  startup_stm32f030x6.o(.text)
    TIM1_CC_IRQHandler                       0x080000d7   Thumb Code     0  startup_stm32f030x6.o(.text)
    TIM3_IRQHandler                          0x080000d7   Thumb Code     0  startup_stm32f030x6.o(.text)
    WWDG_IRQHandler                          0x080000d7   Thumb Code     0  startup_stm32f030x6.o(.text)
    __aeabi_uidiv                            0x080000e1   Thumb Code     0  uidiv.o(.text)
    __aeabi_uidivmod                         0x080000e1   Thumb Code    44  uidiv.o(.text)
    __aeabi_uldivmod                         0x0800010d   Thumb Code    96  uldiv.o(.text)
    __aeabi_llsr                             0x0800016d   Thumb Code    34  llushr.o(.text)
    _ll_ushift_r                             0x0800016d   Thumb Code     0  llushr.o(.text)
    __aeabi_memcpy                           0x0800018f   Thumb Code    36  memcpya.o(.text)
    __aeabi_memcpy4                          0x0800018f   Thumb Code     0  memcpya.o(.text)
    __aeabi_memcpy8                          0x0800018f   Thumb Code     0  memcpya.o(.text)
    __aeabi_memset                           0x080001b3   Thumb Code    14  memseta.o(.text)
    __aeabi_memset4                          0x080001b3   Thumb Code     0  memseta.o(.text)
    __aeabi_memset8                          0x080001b3   Thumb Code     0  memseta.o(.text)
    __aeabi_memclr                           0x080001c1   Thumb Code     4  memseta.o(.text)
    __aeabi_memclr4                          0x080001c1   Thumb Code     0  memseta.o(.text)
    __aeabi_memclr8                          0x080001c1   Thumb Code     0  memseta.o(.text)
    _memset$wrapper                          0x080001c5   Thumb Code    18  memseta.o(.text)
    strstr                                   0x080001d7   Thumb Code    40  strstr.o(.text)
    strchr                                   0x080001ff   Thumb Code    20  strchr.o(.text)
    strlen                                   0x08000213   Thumb Code    14  strlen.o(.text)
    __aeabi_uread4                           0x08000221   Thumb Code    20  uread4.o(.text)
    __rt_uread4                              0x08000221   Thumb Code     0  uread4.o(.text)
    _uread4                                  0x08000221   Thumb Code     0  uread4.o(.text)
    __0sscanf                                0x08000235   Thumb Code    50  __0sscanf.o(.text)
    _scanf_int                               0x08000271   Thumb Code   330  _scanf_int.o(.text)
    _scanf_string                            0x080003bb   Thumb Code   232  _scanf_str.o(.text)
    __aeabi_llsl                             0x080004a3   Thumb Code    32  llshl.o(.text)
    _ll_shift_l                              0x080004a3   Thumb Code     0  llshl.o(.text)
    _chval                                   0x080004c3   Thumb Code    30  _chval.o(.text)
    __vfscanf_char                           0x080004ed   Thumb Code    24  scanf_char.o(.text)
    _sgetc                                   0x0800050d   Thumb Code    32  _sgetc.o(.text)
    _sbackspace                              0x0800052d   Thumb Code    36  _sgetc.o(.text)
    __scatterload                            0x08000551   Thumb Code    28  init.o(.text)
    __scatterload_rt2                        0x08000551   Thumb Code     0  init.o(.text)
    isspace                                  0x08000575   Thumb Code    14  isspace_c.o(.text)
    __vfscanf                                0x08000585   Thumb Code   812  _scanf.o(.text)
    __ctype_lookup                           0x080008bd   Thumb Code    32  ctype_c.o(.text)
    ATRec                                    0x080008e1   Thumb Code    86  nbiotdriver.o(i.ATRec)
    ATSend                                   0x0800094d   Thumb Code    74  nbiotdriver.o(i.ATSend)
    CompareTime                              0x080009a5   Thumb Code    26  time.o(i.CompareTime)
    DHT11_Check                              0x080009bf   Thumb Code   106  dht11.o(i.DHT11_Check)
    DHT11_Read_Bit                           0x08000a29   Thumb Code    88  dht11.o(i.DHT11_Read_Bit)
    DHT11_Read_Byte                          0x08000a81   Thumb Code    26  dht11.o(i.DHT11_Read_Byte)
    DHT11_Read_Data                          0x08000a9b   Thumb Code    72  dht11.o(i.DHT11_Read_Data)
    DHT11_Rst                                0x08000ae3   Thumb Code    62  dht11.o(i.DHT11_Rst)
    DMA1_Channel2_3_IRQHandler               0x08000b21   Thumb Code    10  stm32f0xx_it.o(i.DMA1_Channel2_3_IRQHandler)
    EnableUartIT                             0x08000b7d   Thumb Code    30  usart.o(i.EnableUartIT)
    Error_Handler                            0x08000ba5   Thumb Code     2  main.o(i.Error_Handler)
    HAL_DMA_Abort                            0x08000ba7   Thumb Code    64  stm32f0xx_hal_dma.o(i.HAL_DMA_Abort)
    HAL_DMA_Abort_IT                         0x08000be7   Thumb Code    72  stm32f0xx_hal_dma.o(i.HAL_DMA_Abort_IT)
    HAL_DMA_GetError                         0x08000c2f   Thumb Code     4  stm32f0xx_hal_dma.o(i.HAL_DMA_GetError)
    HAL_DMA_IRQHandler                       0x08000c33   Thumb Code   156  stm32f0xx_hal_dma.o(i.HAL_DMA_IRQHandler)
    HAL_DMA_Init                             0x08000cd1   Thumb Code    78  stm32f0xx_hal_dma.o(i.HAL_DMA_Init)
    HAL_DMA_Start_IT                         0x08000d25   Thumb Code   106  stm32f0xx_hal_dma.o(i.HAL_DMA_Start_IT)
    HAL_Delay                                0x08000d91   Thumb Code    32  stm32f0xx_hal.o(i.HAL_Delay)
    HAL_GPIO_Init                            0x08000db5   Thumb Code   302  stm32f0xx_hal_gpio.o(i.HAL_GPIO_Init)
    HAL_GPIO_ReadPin                         0x08000efd   Thumb Code    10  stm32f0xx_hal_gpio.o(i.HAL_GPIO_ReadPin)
    HAL_GPIO_WritePin                        0x08000f07   Thumb Code    12  stm32f0xx_hal_gpio.o(i.HAL_GPIO_WritePin)
    HAL_GetTick                              0x08000f15   Thumb Code     6  stm32f0xx_hal.o(i.HAL_GetTick)
    HAL_IncTick                              0x08000f21   Thumb Code    12  stm32f0xx_hal.o(i.HAL_IncTick)
    HAL_Init                                 0x08000f31   Thumb Code    26  stm32f0xx_hal.o(i.HAL_Init)
    HAL_InitTick                             0x08000f51   Thumb Code    58  stm32f0xx_hal.o(i.HAL_InitTick)
    HAL_MspInit                              0x08000f95   Thumb Code    34  stm32f0xx_hal_msp.o(i.HAL_MspInit)
    HAL_NVIC_EnableIRQ                       0x08000fbd   Thumb Code    18  stm32f0xx_hal_cortex.o(i.HAL_NVIC_EnableIRQ)
    HAL_NVIC_SetPriority                     0x08000fd5   Thumb Code     8  stm32f0xx_hal_cortex.o(i.HAL_NVIC_SetPriority)
    HAL_PWR_EnterSTOPMode                    0x08000fdd   Thumb Code    44  stm32f0xx_hal_pwr.o(i.HAL_PWR_EnterSTOPMode)
    HAL_RCCEx_PeriphCLKConfig                0x08001011   Thumb Code   218  stm32f0xx_hal_rcc_ex.o(i.HAL_RCCEx_PeriphCLKConfig)
    HAL_RCC_ClockConfig                      0x080010f9   Thumb Code   242  stm32f0xx_hal_rcc.o(i.HAL_RCC_ClockConfig)
    HAL_RCC_GetPCLK1Freq                     0x08001201   Thumb Code    20  stm32f0xx_hal_rcc.o(i.HAL_RCC_GetPCLK1Freq)
    HAL_RCC_GetSysClockFreq                  0x08001221   Thumb Code    84  stm32f0xx_hal_rcc.o(i.HAL_RCC_GetSysClockFreq)
    HAL_RCC_OscConfig                        0x080012a1   Thumb Code   890  stm32f0xx_hal_rcc.o(i.HAL_RCC_OscConfig)
    HAL_RTC_AlarmAEventCallback              0x08001629   Thumb Code   120  rtc.o(i.HAL_RTC_AlarmAEventCallback)
    HAL_RTC_AlarmIRQHandler                  0x080016a9   Thumb Code    52  stm32f0xx_hal_rtc.o(i.HAL_RTC_AlarmIRQHandler)
    HAL_RTC_GetDate                          0x080016e1   Thumb Code    68  stm32f0xx_hal_rtc.o(i.HAL_RTC_GetDate)
    HAL_RTC_GetTime                          0x08001725   Thumb Code    88  stm32f0xx_hal_rtc.o(i.HAL_RTC_GetTime)
    HAL_RTC_Init                             0x08001781   Thumb Code   174  stm32f0xx_hal_rtc.o(i.HAL_RTC_Init)
    HAL_RTC_MspInit                          0x08001835   Thumb Code    40  rtc.o(i.HAL_RTC_MspInit)
    HAL_RTC_SetAlarm_IT                      0x08001865   Thumb Code   286  stm32f0xx_hal_rtc.o(i.HAL_RTC_SetAlarm_IT)
    HAL_RTC_SetDate                          0x08001989   Thumb Code   184  stm32f0xx_hal_rtc.o(i.HAL_RTC_SetDate)
    HAL_RTC_SetTime                          0x08001a45   Thumb Code   216  stm32f0xx_hal_rtc.o(i.HAL_RTC_SetTime)
    HAL_RTC_WaitForSynchro                   0x08001b21   Thumb Code    52  stm32f0xx_hal_rtc.o(i.HAL_RTC_WaitForSynchro)
    HAL_SYSTICK_Config                       0x08001b55   Thumb Code    38  stm32f0xx_hal_cortex.o(i.HAL_SYSTICK_Config)
    HAL_UART_DMAStop                         0x08001b85   Thumb Code   122  stm32f0xx_hal_uart.o(i.HAL_UART_DMAStop)
    HAL_UART_ErrorCallback                   0x08001bff   Thumb Code     2  stm32f0xx_hal_uart.o(i.HAL_UART_ErrorCallback)
    HAL_UART_IRQHandler                      0x08001c01   Thumb Code   320  stm32f0xx_hal_uart.o(i.HAL_UART_IRQHandler)
    HAL_UART_Init                            0x08001d49   Thumb Code   106  stm32f0xx_hal_uart.o(i.HAL_UART_Init)
    HAL_UART_MspInit                         0x08001db5   Thumb Code   144  usart.o(i.HAL_UART_MspInit)
    HAL_UART_Receive_DMA                     0x08001e55   Thumb Code   170  stm32f0xx_hal_uart.o(i.HAL_UART_Receive_DMA)
    HAL_UART_RxCpltCallback                  0x08001f0d   Thumb Code    54  usart.o(i.HAL_UART_RxCpltCallback)
    HAL_UART_RxHalfCpltCallback              0x08001f4d   Thumb Code     2  stm32f0xx_hal_uart.o(i.HAL_UART_RxHalfCpltCallback)
    HAL_UART_Transmit                        0x08001f4f   Thumb Code   206  stm32f0xx_hal_uart.o(i.HAL_UART_Transmit)
    HAL_UART_TxCpltCallback                  0x0800201d   Thumb Code     2  stm32f0xx_hal_uart.o(i.HAL_UART_TxCpltCallback)
    HardFault_Handler                        0x0800201f   Thumb Code     2  stm32f0xx_it.o(i.HardFault_Handler)
    ISRcal_crc16                             0x08002021   Thumb Code    50  crc16.o(i.ISRcal_crc16)
    MX_DMA_Init                              0x0800205d   Thumb Code    36  dma.o(i.MX_DMA_Init)
    MX_GPIO_Init                             0x08002085   Thumb Code   140  gpio.o(i.MX_GPIO_Init)
    MX_RTC_Init                              0x08002121   Thumb Code   160  rtc.o(i.MX_RTC_Init)
    MX_USART1_UART_Init                      0x080021d1   Thumb Code    48  usart.o(i.MX_USART1_UART_Init)
    NB_Init                                  0x08002209   Thumb Code    16  nbiotdriver.o(i.NB_Init)
    NB_Task                                  0x0800221d   Thumb Code   188  nbiotdriver.o(i.NB_Task)
    NMI_Handler                              0x080022dd   Thumb Code     2  stm32f0xx_it.o(i.NMI_Handler)
    ParseCommand                             0x080022e1   Thumb Code   268  codec.o(i.ParseCommand)
    PendSV_Handler                           0x0800249d   Thumb Code     2  stm32f0xx_it.o(i.PendSV_Handler)
    RTC_Bcd2ToByte                           0x0800249f   Thumb Code    16  stm32f0xx_hal_rtc.o(i.RTC_Bcd2ToByte)
    RTC_ByteToBcd2                           0x080024af   Thumb Code    22  stm32f0xx_hal_rtc.o(i.RTC_ByteToBcd2)
    RTC_EnterInitMode                        0x080024c5   Thumb Code    56  stm32f0xx_hal_rtc.o(i.RTC_EnterInitMode)
    RTC_IRQHandler                           0x080024fd   Thumb Code    10  stm32f0xx_it.o(i.RTC_IRQHandler)
    RespondData                              0x0800250d   Thumb Code   136  codec.o(i.RespondData)
    SVC_Handler                              0x080025d5   Thumb Code     2  stm32f0xx_it.o(i.SVC_Handler)
    SendNBData                               0x080025d9   Thumb Code   244  codec.o(i.SendNBData)
    SetTime                                  0x080026dd   Thumb Code    14  time.o(i.SetTime)
    SysTick_Handler                          0x080026eb   Thumb Code     8  stm32f0xx_it.o(i.SysTick_Handler)
    SystemClock_Config                       0x080026f5   Thumb Code    90  main.o(i.SystemClock_Config)
    SystemInit                               0x08002755   Thumb Code     2  system_stm32f0xx.o(i.SystemInit)
    TriggerSendData                          0x08002759   Thumb Code    16  nbiotdriver.o(i.TriggerSendData)
    UART_AdvFeatureConfig                    0x0800276d   Thumb Code   202  stm32f0xx_hal_uart.o(i.UART_AdvFeatureConfig)
    UART_CheckIdleState                      0x08002839   Thumb Code    90  stm32f0xx_hal_uart.o(i.UART_CheckIdleState)
    UART_SetConfig                           0x0800296d   Thumb Code   282  stm32f0xx_hal_uart.o(i.UART_SetConfig)
    UART_WaitOnFlagUntilTimeout              0x08002a9d   Thumb Code   156  stm32f0xx_hal_uart.o(i.UART_WaitOnFlagUntilTimeout)
    USART1_IRQHandler                        0x08002b39   Thumb Code    68  stm32f0xx_it.o(i.USART1_IRQHandler)
    __0printf$8                              0x08002b8d   Thumb Code    24  printf8.o(i.__0printf$8)
    __1printf$8                              0x08002b8d   Thumb Code     0  printf8.o(i.__0printf$8)
    __2printf                                0x08002b8d   Thumb Code     0  printf8.o(i.__0printf$8)
    __0sprintf$8                             0x08002bad   Thumb Code    36  printf8.o(i.__0sprintf$8)
    __1sprintf$8                             0x08002bad   Thumb Code     0  printf8.o(i.__0sprintf$8)
    __2sprintf                               0x08002bad   Thumb Code     0  printf8.o(i.__0sprintf$8)
    __ARM_common_ll_muluu                    0x08002bd5   Thumb Code    48  stm32f0xx_hal_rcc.o(i.__ARM_common_ll_muluu)
    __scatterload_copy                       0x08002c49   Thumb Code    14  handlers.o(i.__scatterload_copy)
    __scatterload_null                       0x08002c57   Thumb Code     2  handlers.o(i.__scatterload_null)
    __scatterload_zeroinit                   0x08002c59   Thumb Code    14  handlers.o(i.__scatterload_zeroinit)
    delay_us                                 0x080030e7   Thumb Code    20  dht11.o(i.delay_us)
    fputc                                    0x080030fd   Thumb Code    16  main.o(i.fputc)
    hex2byte                                 0x08003111   Thumb Code    46  codec.o(i.hex2byte)
    main                                     0x08003149   Thumb Code   214  main.o(i.main)
    AHBPrescTable                            0x0800324c   Data          16  system_stm32f0xx.o(.constdata)
    APBPrescTable                            0x0800325c   Data           8  system_stm32f0xx.o(.constdata)
    __ctype_categories                       0x08003264   Data          64  ctype_c.o(.constdata)
    Region$$Table$$Base                      0x080033f4   Number         0  anon$$obj.o(Region$$Table)
    Region$$Table$$Limit                     0x08003414   Number         0  anon$$obj.o(Region$$Table)
    temperature                              0x20000000   Data           1  codec.o(.data)
    humidity                                 0x20000001   Data           1  codec.o(.data)
    i                                        0x20000004   Data           4  codec.o(.data)
    NBSendAccessFlag                         0x20000008   Data           1  nbiotdriver.o(.data)
    ATCmds                                   0x20000018   Data         132  nbiotdriver.o(.data)
    SendClockFlag                            0x2000009c   Data           1  rtc.o(.data)
    sDate                                    0x2000009d   Data           4  rtc.o(.data)
    uwTickFreq                               0x200000a4   Data           1  stm32f0xx_hal.o(.data)
    uwTickPrio                               0x200000a8   Data           4  stm32f0xx_hal.o(.data)
    uwTick                                   0x200000ac   Data           4  stm32f0xx_hal.o(.data)
    SystemCoreClock                          0x200000b0   Data           4  system_stm32f0xx.o(.data)
    __stdout                                 0x200000b4   Data           4  stdout.o(.data)
    SendChar                                 0x200000b8   Data          29  codec.o(.bss)
    DevRespond                               0x200000d5   Data          10  codec.o(.bss)
    RecComchar                               0x200000e0   Data          20  codec.o(.bss)
    sTime                                    0x200000f4   Data          20  rtc.o(.bss)
    sAlarm                                   0x20000108   Data          40  rtc.o(.bss)
    hrtc                                     0x20000130   Data          32  rtc.o(.bss)
    Usart1type                               0x20000150   Data        1286  usart.o(.bss)
    huart1                                   0x20000658   Data         128  usart.o(.bss)
    hdma_usart1_rx                           0x200006d8   Data          68  usart.o(.bss)
    __initial_sp                             0x20000b20   Data           0  startup_stm32f030x6.o(STACK)



==============================================================================

Memory Map of the image

  Image Entry point : 0x080000b1

  Load Region LR_IROM1 (Base: 0x08000000, Size: 0x000034cc, Max: 0x00004000, ABSOLUTE)

    Execution Region ER_IROM1 (Exec base: 0x08000000, Load base: 0x08000000, Size: 0x00003414, Max: 0x00004000, ABSOLUTE)

    Exec Addr    Load Addr    Size         Type   Attr      Idx    E Section Name        Object

    0x08000000   0x08000000   0x000000b0   Data   RO            3    RESET               startup_stm32f030x6.o
    0x080000b0   0x080000b0   0x00000000   Code   RO         2774  * .ARM.Collect$$$$00000000  mc_p.l(entry.o)
    0x080000b0   0x080000b0   0x00000004   Code   RO         3066    .ARM.Collect$$$$00000001  mc_p.l(entry2.o)
    0x080000b4   0x080000b4   0x00000004   Code   RO         3069    .ARM.Collect$$$$00000004  mc_p.l(entry5.o)
    0x080000b8   0x080000b8   0x00000000   Code   RO         3071    .ARM.Collect$$$$00000008  mc_p.l(entry7b.o)
    0x080000b8   0x080000b8   0x00000000   Code   RO         3073    .ARM.Collect$$$$0000000A  mc_p.l(entry8b.o)
    0x080000b8   0x080000b8   0x00000008   Code   RO         3074    .ARM.Collect$$$$0000000B  mc_p.l(entry9a.o)
    0x080000c0   0x080000c0   0x00000000   Code   RO         3076    .ARM.Collect$$$$0000000D  mc_p.l(entry10a.o)
    0x080000c0   0x080000c0   0x00000000   Code   RO         3078    .ARM.Collect$$$$0000000F  mc_p.l(entry11a.o)
    0x080000c0   0x080000c0   0x00000004   Code   RO         3067    .ARM.Collect$$$$00002712  mc_p.l(entry2.o)
    0x080000c4   0x080000c4   0x0000001c   Code   RO            4    .text               startup_stm32f030x6.o
    0x080000e0   0x080000e0   0x0000002c   Code   RO         2777    .text               mc_p.l(uidiv.o)
    0x0800010c   0x0800010c   0x00000060   Code   RO         2781    .text               mc_p.l(uldiv.o)
    0x0800016c   0x0800016c   0x00000022   Code   RO         2783    .text               mc_p.l(llushr.o)
    0x0800018e   0x0800018e   0x00000024   Code   RO         2785    .text               mc_p.l(memcpya.o)
    0x080001b2   0x080001b2   0x00000024   Code   RO         2787    .text               mc_p.l(memseta.o)
    0x080001d6   0x080001d6   0x00000028   Code   RO         2789    .text               mc_p.l(strstr.o)
    0x080001fe   0x080001fe   0x00000014   Code   RO         2791    .text               mc_p.l(strchr.o)
    0x08000212   0x08000212   0x0000000e   Code   RO         2793    .text               mc_p.l(strlen.o)
    0x08000220   0x08000220   0x00000014   Code   RO         3058    .text               mc_p.l(uread4.o)
    0x08000234   0x08000234   0x0000003c   Code   RO         3060    .text               mc_p.l(__0sscanf.o)
    0x08000270   0x08000270   0x0000014a   Code   RO         3062    .text               mc_p.l(_scanf_int.o)
    0x080003ba   0x080003ba   0x000000e8   Code   RO         3064    .text               mc_p.l(_scanf_str.o)
    0x080004a2   0x080004a2   0x00000020   Code   RO         3081    .text               mc_p.l(llshl.o)
    0x080004c2   0x080004c2   0x0000001e   Code   RO         3083    .text               mc_p.l(_chval.o)
    0x080004e0   0x080004e0   0x0000002c   Code   RO         3085    .text               mc_p.l(scanf_char.o)
    0x0800050c   0x0800050c   0x00000044   Code   RO         3087    .text               mc_p.l(_sgetc.o)
    0x08000550   0x08000550   0x00000024   Code   RO         3100    .text               mc_p.l(init.o)
    0x08000574   0x08000574   0x0000000e   Code   RO         3104    .text               mc_p.l(isspace_c.o)
    0x08000582   0x08000582   0x00000002   PAD
    0x08000584   0x08000584   0x00000338   Code   RO         3106    .text               mc_p.l(_scanf.o)
    0x080008bc   0x080008bc   0x00000024   Code   RO         3112    .text               mc_p.l(ctype_c.o)
    0x080008e0   0x080008e0   0x0000006c   Code   RO          263    i.ATRec             nbiotdriver.o
    0x0800094c   0x0800094c   0x00000058   Code   RO          264    i.ATSend            nbiotdriver.o
    0x080009a4   0x080009a4   0x0000001a   Code   RO          350    i.CompareTime       time.o
    0x080009be   0x080009be   0x0000006a   Code   RO           12    i.DHT11_Check       dht11.o
    0x08000a28   0x08000a28   0x00000058   Code   RO           14    i.DHT11_Read_Bit    dht11.o
    0x08000a80   0x08000a80   0x0000001a   Code   RO           15    i.DHT11_Read_Byte   dht11.o
    0x08000a9a   0x08000a9a   0x00000048   Code   RO           16    i.DHT11_Read_Data   dht11.o
    0x08000ae2   0x08000ae2   0x0000003e   Code   RO           17    i.DHT11_Rst         dht11.o
    0x08000b20   0x08000b20   0x00000010   Code   RO          598    i.DMA1_Channel2_3_IRQHandler  stm32f0xx_it.o
    0x08000b30   0x08000b30   0x00000024   Code   RO         1800    i.DMA_CalcBaseAndBitshift  stm32f0xx_hal_dma.o
    0x08000b54   0x08000b54   0x00000028   Code   RO         1801    i.DMA_SetConfig     stm32f0xx_hal_dma.o
    0x08000b7c   0x08000b7c   0x00000028   Code   RO          548    i.EnableUartIT      usart.o
    0x08000ba4   0x08000ba4   0x00000002   Code   RO          376    i.Error_Handler     main.o
    0x08000ba6   0x08000ba6   0x00000040   Code   RO         1802    i.HAL_DMA_Abort     stm32f0xx_hal_dma.o
    0x08000be6   0x08000be6   0x00000048   Code   RO         1803    i.HAL_DMA_Abort_IT  stm32f0xx_hal_dma.o
    0x08000c2e   0x08000c2e   0x00000004   Code   RO         1805    i.HAL_DMA_GetError  stm32f0xx_hal_dma.o
    0x08000c32   0x08000c32   0x0000009c   Code   RO         1807    i.HAL_DMA_IRQHandler  stm32f0xx_hal_dma.o
    0x08000cce   0x08000cce   0x00000002   PAD
    0x08000cd0   0x08000cd0   0x00000054   Code   RO         1808    i.HAL_DMA_Init      stm32f0xx_hal_dma.o
    0x08000d24   0x08000d24   0x0000006a   Code   RO         1812    i.HAL_DMA_Start_IT  stm32f0xx_hal_dma.o
    0x08000d8e   0x08000d8e   0x00000002   PAD
    0x08000d90   0x08000d90   0x00000024   Code   RO         1094    i.HAL_Delay         stm32f0xx_hal.o
    0x08000db4   0x08000db4   0x00000148   Code   RO         1741    i.HAL_GPIO_Init     stm32f0xx_hal_gpio.o
    0x08000efc   0x08000efc   0x0000000a   Code   RO         1743    i.HAL_GPIO_ReadPin  stm32f0xx_hal_gpio.o
    0x08000f06   0x08000f06   0x0000000c   Code   RO         1745    i.HAL_GPIO_WritePin  stm32f0xx_hal_gpio.o
    0x08000f12   0x08000f12   0x00000002   PAD
    0x08000f14   0x08000f14   0x0000000c   Code   RO         1098    i.HAL_GetTick       stm32f0xx_hal.o
    0x08000f20   0x08000f20   0x00000010   Code   RO         1104    i.HAL_IncTick       stm32f0xx_hal.o
    0x08000f30   0x08000f30   0x00000020   Code   RO         1105    i.HAL_Init          stm32f0xx_hal.o
    0x08000f50   0x08000f50   0x00000044   Code   RO         1106    i.HAL_InitTick      stm32f0xx_hal.o
    0x08000f94   0x08000f94   0x00000028   Code   RO          664    i.HAL_MspInit       stm32f0xx_hal_msp.o
    0x08000fbc   0x08000fbc   0x00000018   Code   RO         1900    i.HAL_NVIC_EnableIRQ  stm32f0xx_hal_cortex.o
    0x08000fd4   0x08000fd4   0x00000008   Code   RO         1904    i.HAL_NVIC_SetPriority  stm32f0xx_hal_cortex.o
    0x08000fdc   0x08000fdc   0x00000034   Code   RO         2003    i.HAL_PWR_EnterSTOPMode  stm32f0xx_hal_pwr.o
    0x08001010   0x08001010   0x000000e8   Code   RO         1059    i.HAL_RCCEx_PeriphCLKConfig  stm32f0xx_hal_rcc_ex.o
    0x080010f8   0x080010f8   0x00000108   Code   RO          964    i.HAL_RCC_ClockConfig  stm32f0xx_hal_rcc.o
    0x08001200   0x08001200   0x00000020   Code   RO          971    i.HAL_RCC_GetPCLK1Freq  stm32f0xx_hal_rcc.o
    0x08001220   0x08001220   0x00000080   Code   RO          972    i.HAL_RCC_GetSysClockFreq  stm32f0xx_hal_rcc.o
    0x080012a0   0x080012a0   0x00000388   Code   RO          975    i.HAL_RCC_OscConfig  stm32f0xx_hal_rcc.o
    0x08001628   0x08001628   0x00000080   Code   RO          480    i.HAL_RTC_AlarmAEventCallback  rtc.o
    0x080016a8   0x080016a8   0x00000038   Code   RO          685    i.HAL_RTC_AlarmIRQHandler  stm32f0xx_hal_rtc.o
    0x080016e0   0x080016e0   0x00000044   Code   RO          689    i.HAL_RTC_GetDate   stm32f0xx_hal_rtc.o
    0x08001724   0x08001724   0x0000005c   Code   RO          691    i.HAL_RTC_GetTime   stm32f0xx_hal_rtc.o
    0x08001780   0x08001780   0x000000b4   Code   RO          692    i.HAL_RTC_Init      stm32f0xx_hal_rtc.o
    0x08001834   0x08001834   0x00000030   Code   RO          482    i.HAL_RTC_MspInit   rtc.o
    0x08001864   0x08001864   0x00000124   Code   RO          697    i.HAL_RTC_SetAlarm_IT  stm32f0xx_hal_rtc.o
    0x08001988   0x08001988   0x000000bc   Code   RO          698    i.HAL_RTC_SetDate   stm32f0xx_hal_rtc.o
    0x08001a44   0x08001a44   0x000000dc   Code   RO          699    i.HAL_RTC_SetTime   stm32f0xx_hal_rtc.o
    0x08001b20   0x08001b20   0x00000034   Code   RO          700    i.HAL_RTC_WaitForSynchro  stm32f0xx_hal_rtc.o
    0x08001b54   0x08001b54   0x00000030   Code   RO         1908    i.HAL_SYSTICK_Config  stm32f0xx_hal_cortex.o
    0x08001b84   0x08001b84   0x0000007a   Code   RO         2376    i.HAL_UART_DMAStop  stm32f0xx_hal_uart.o
    0x08001bfe   0x08001bfe   0x00000002   Code   RO         2380    i.HAL_UART_ErrorCallback  stm32f0xx_hal_uart.o
    0x08001c00   0x08001c00   0x00000148   Code   RO         2383    i.HAL_UART_IRQHandler  stm32f0xx_hal_uart.o
    0x08001d48   0x08001d48   0x0000006a   Code   RO         2384    i.HAL_UART_Init     stm32f0xx_hal_uart.o
    0x08001db2   0x08001db2   0x00000002   PAD
    0x08001db4   0x08001db4   0x000000a0   Code   RO          550    i.HAL_UART_MspInit  usart.o
    0x08001e54   0x08001e54   0x000000b8   Code   RO         2388    i.HAL_UART_Receive_DMA  stm32f0xx_hal_uart.o
    0x08001f0c   0x08001f0c   0x00000040   Code   RO          551    i.HAL_UART_RxCpltCallback  usart.o
    0x08001f4c   0x08001f4c   0x00000002   Code   RO         2392    i.HAL_UART_RxHalfCpltCallback  stm32f0xx_hal_uart.o
    0x08001f4e   0x08001f4e   0x000000ce   Code   RO         2393    i.HAL_UART_Transmit  stm32f0xx_hal_uart.o
    0x0800201c   0x0800201c   0x00000002   Code   RO         2396    i.HAL_UART_TxCpltCallback  stm32f0xx_hal_uart.o
    0x0800201e   0x0800201e   0x00000002   Code   RO          599    i.HardFault_Handler  stm32f0xx_it.o
    0x08002020   0x08002020   0x0000003c   Code   RO          235    i.ISRcal_crc16      crc16.o
    0x0800205c   0x0800205c   0x00000028   Code   RO          460    i.MX_DMA_Init       dma.o
    0x08002084   0x08002084   0x0000009c   Code   RO          429    i.MX_GPIO_Init      gpio.o
    0x08002120   0x08002120   0x000000b0   Code   RO          483    i.MX_RTC_Init       rtc.o
    0x080021d0   0x080021d0   0x00000038   Code   RO          552    i.MX_USART1_UART_Init  usart.o
    0x08002208   0x08002208   0x00000014   Code   RO          265    i.NB_Init           nbiotdriver.o
    0x0800221c   0x0800221c   0x000000c0   Code   RO          266    i.NB_Task           nbiotdriver.o
    0x080022dc   0x080022dc   0x00000002   Code   RO          600    i.NMI_Handler       stm32f0xx_it.o
    0x080022de   0x080022de   0x00000002   PAD
    0x080022e0   0x080022e0   0x000001bc   Code   RO          169    i.ParseCommand      codec.o
    0x0800249c   0x0800249c   0x00000002   Code   RO          601    i.PendSV_Handler    stm32f0xx_it.o
    0x0800249e   0x0800249e   0x00000010   Code   RO          701    i.RTC_Bcd2ToByte    stm32f0xx_hal_rtc.o
    0x080024ae   0x080024ae   0x00000016   Code   RO          702    i.RTC_ByteToBcd2    stm32f0xx_hal_rtc.o
    0x080024c4   0x080024c4   0x00000038   Code   RO          703    i.RTC_EnterInitMode  stm32f0xx_hal_rtc.o
    0x080024fc   0x080024fc   0x00000010   Code   RO          602    i.RTC_IRQHandler    stm32f0xx_it.o
    0x0800250c   0x0800250c   0x000000c8   Code   RO          170    i.RespondData       codec.o
    0x080025d4   0x080025d4   0x00000002   Code   RO          603    i.SVC_Handler       stm32f0xx_it.o
    0x080025d6   0x080025d6   0x00000002   PAD
    0x080025d8   0x080025d8   0x00000104   Code   RO          171    i.SendNBData        codec.o
    0x080026dc   0x080026dc   0x0000000e   Code   RO          351    i.SetTime           time.o
    0x080026ea   0x080026ea   0x00000008   Code   RO          604    i.SysTick_Handler   stm32f0xx_it.o
    0x080026f2   0x080026f2   0x00000002   PAD
    0x080026f4   0x080026f4   0x00000060   Code   RO          377    i.SystemClock_Config  main.o
    0x08002754   0x08002754   0x00000002   Code   RO         2743    i.SystemInit        system_stm32f0xx.o
    0x08002756   0x08002756   0x00000002   PAD
    0x08002758   0x08002758   0x00000014   Code   RO          269    i.TriggerSendData   nbiotdriver.o
    0x0800276c   0x0800276c   0x000000ca   Code   RO         2398    i.UART_AdvFeatureConfig  stm32f0xx_hal_uart.o
    0x08002836   0x08002836   0x00000002   PAD
    0x08002838   0x08002838   0x00000060   Code   RO         2399    i.UART_CheckIdleState  stm32f0xx_hal_uart.o
    0x08002898   0x08002898   0x00000014   Code   RO         2400    i.UART_DMAAbortOnError  stm32f0xx_hal_uart.o
    0x080028ac   0x080028ac   0x00000048   Code   RO         2401    i.UART_DMAError     stm32f0xx_hal_uart.o
    0x080028f4   0x080028f4   0x0000003c   Code   RO         2402    i.UART_DMAReceiveCplt  stm32f0xx_hal_uart.o
    0x08002930   0x08002930   0x0000000a   Code   RO         2404    i.UART_DMARxHalfCplt  stm32f0xx_hal_uart.o
    0x0800293a   0x0800293a   0x00000020   Code   RO         2410    i.UART_EndRxTransfer  stm32f0xx_hal_uart.o
    0x0800295a   0x0800295a   0x00000010   Code   RO         2411    i.UART_EndTxTransfer  stm32f0xx_hal_uart.o
    0x0800296a   0x0800296a   0x00000002   PAD
    0x0800296c   0x0800296c   0x00000130   Code   RO         2414    i.UART_SetConfig    stm32f0xx_hal_uart.o
    0x08002a9c   0x08002a9c   0x0000009c   Code   RO         2417    i.UART_WaitOnFlagUntilTimeout  stm32f0xx_hal_uart.o
    0x08002b38   0x08002b38   0x00000054   Code   RO          605    i.USART1_IRQHandler  stm32f0xx_it.o
    0x08002b8c   0x08002b8c   0x00000020   Code   RO         3004    i.__0printf$8       mc_p.l(printf8.o)
    0x08002bac   0x08002bac   0x00000028   Code   RO         3006    i.__0sprintf$8      mc_p.l(printf8.o)
    0x08002bd4   0x08002bd4   0x00000030   Code   RO         1049    i.__ARM_common_ll_muluu  stm32f0xx_hal_rcc.o
    0x08002c04   0x08002c04   0x00000044   Code   RO         1910    i.__NVIC_SetPriority  stm32f0xx_hal_cortex.o
    0x08002c48   0x08002c48   0x0000000e   Code   RO         3117    i.__scatterload_copy  mc_p.l(handlers.o)
    0x08002c56   0x08002c56   0x00000002   Code   RO         3118    i.__scatterload_null  mc_p.l(handlers.o)
    0x08002c58   0x08002c58   0x0000000e   Code   RO         3119    i.__scatterload_zeroinit  mc_p.l(handlers.o)
    0x08002c66   0x08002c66   0x00000002   PAD
    0x08002c68   0x08002c68   0x00000428   Code   RO         3011    i._printf_core      mc_p.l(printf8.o)
    0x08003090   0x08003090   0x00000020   Code   RO         3012    i._printf_post_padding  mc_p.l(printf8.o)
    0x080030b0   0x080030b0   0x0000002c   Code   RO         3013    i._printf_pre_padding  mc_p.l(printf8.o)
    0x080030dc   0x080030dc   0x0000000a   Code   RO         3015    i._sputc            mc_p.l(printf8.o)
    0x080030e6   0x080030e6   0x00000014   Code   RO           19    i.delay_us          dht11.o
    0x080030fa   0x080030fa   0x00000002   PAD
    0x080030fc   0x080030fc   0x00000014   Code   RO          378    i.fputc             main.o
    0x08003110   0x08003110   0x00000038   Code   RO          172    i.hex2byte          codec.o
    0x08003148   0x08003148   0x00000104   Code   RO          379    i.main              main.o
    0x0800324c   0x0800324c   0x00000010   Data   RO         2744    .constdata          system_stm32f0xx.o
    0x0800325c   0x0800325c   0x00000008   Data   RO         2745    .constdata          system_stm32f0xx.o
    0x08003264   0x08003264   0x00000040   Data   RO         3113    .constdata          mc_p.l(ctype_c.o)
    0x080032a4   0x080032a4   0x00000082   Data   RO          174    .conststring        codec.o
    0x08003326   0x08003326   0x00000002   PAD
    0x08003328   0x08003328   0x000000cb   Data   RO          270    .conststring        nbiotdriver.o
    0x080033f3   0x080033f3   0x00000001   PAD
    0x080033f4   0x080033f4   0x00000020   Data   RO         3115    Region$$Table       anon$$obj.o


    Execution Region RW_IRAM1 (Exec base: 0x20000000, Load base: 0x08003414, Size: 0x00000b20, Max: 0x00001000, ABSOLUTE)

    Exec Addr    Load Addr    Size         Type   Attr      Idx    E Section Name        Object

    0x20000000   0x08003414   0x00000008   Data   RW          175    .data               codec.o
    0x20000008   0x0800341c   0x00000094   Data   RW          271    .data               nbiotdriver.o
    0x2000009c   0x080034b0   0x00000005   Data   RW          485    .data               rtc.o
    0x200000a1   0x080034b5   0x00000003   PAD
    0x200000a4   0x080034b8   0x0000000c   Data   RW         1112    .data               stm32f0xx_hal.o
    0x200000b0   0x080034c4   0x00000004   Data   RW         2746    .data               system_stm32f0xx.o
    0x200000b4   0x080034c8   0x00000004   Data   RW         3080    .data               mc_p.l(stdout.o)
    0x200000b8        -       0x0000003c   Zero   RW          173    .bss                codec.o
    0x200000f4        -       0x0000005c   Zero   RW          484    .bss                rtc.o
    0x20000150        -       0x000005cc   Zero   RW          553    .bss                usart.o
    0x2000071c   0x080034cc   0x00000004   PAD
    0x20000720        -       0x00000400   Zero   RW            1    STACK               startup_stm32f030x6.o


==============================================================================

Image component sizes


      Code (inc. data)   RO Data    RW Data    ZI Data      Debug   Object Name

       960        266        130          8         60       5929   codec.o
        60         10          0          0          0        927   crc16.o
       374          0          0          0          0     246340   dht11.o
        40          4          0          0          0        654   dma.o
       156         16          0          0          0        847   gpio.o
       378         56          0          0          0       2492   main.o
       428         48        203        148          0       4216   nbiotdriver.o
       352         32          0          5         92       2234   rtc.o
        28          8        176          0       1024        600   startup_stm32f030x6.o
       164         30          0         12          0       7589   stm32f0xx_hal.o
       148         24          0          0          0      10169   stm32f0xx_hal_cortex.o
       562         16          0          0          0       5745   stm32f0xx_hal_dma.o
       350         26          0          0          0       2751   stm32f0xx_hal_gpio.o
        40          6          0          0          0        742   stm32f0xx_hal_msp.o
        52          8          0          0          0        600   stm32f0xx_hal_pwr.o
      1376         92          0          0          0       4501   stm32f0xx_hal_rcc.o
       232         14          0          0          0       1304   stm32f0xx_hal_rcc_ex.o
      1242         28          0          0          0       8508   stm32f0xx_hal_rtc.o
      1920         50          0          0          0      13382   stm32f0xx_hal_uart.o
       132         28          0          0          0       3289   stm32f0xx_it.o
         2          0         24          4          0       1007   system_stm32f0xx.o
        40          0          0          0          0       1208   time.o
       320         44          0          0       1484       3089   usart.o

    ----------------------------------------------------------------------
      9378        806        568        180       2664     328123   Object Totals
         0          0         32          0          0          0   (incl. Generated)
        22          0          3          3          4          0   (incl. Padding)

    ----------------------------------------------------------------------

      Code (inc. data)   RO Data    RW Data    ZI Data      Debug   Library Member Name

        60         10          0          0          0         84   __0sscanf.o
        30          0          0          0          0         60   _chval.o
       824         12          0          0          0         84   _scanf.o
       330          0          0          0          0         84   _scanf_int.o
       232          0          0          0          0         84   _scanf_str.o
        68          0          0          0          0         76   _sgetc.o
        36          4         64          0          0         60   ctype_c.o
         0          0          0          0          0          0   entry.o
         0          0          0          0          0          0   entry10a.o
         0          0          0          0          0          0   entry11a.o
         8          4          0          0          0          0   entry2.o
         4          0          0          0          0          0   entry5.o
         0          0          0          0          0          0   entry7b.o
         0          0          0          0          0          0   entry8b.o
         8          4          0          0          0          0   entry9a.o
        30          0          0          0          0          0   handlers.o
        36          8          0          0          0         68   init.o
        14          0          0          0          0         68   isspace_c.o
        32          0          0          0          0         68   llshl.o
        34          0          0          0          0         68   llushr.o
        36          0          0          0          0         60   memcpya.o
        36          0          0          0          0        100   memseta.o
      1222         56          0          0          0        468   printf8.o
        44          8          0          0          0         84   scanf_char.o
         0          0          0          4          0          0   stdout.o
        20          0          0          0          0         60   strchr.o
        14          0          0          0          0         60   strlen.o
        40          0          0          0          0         72   strstr.o
        44          0          0          0          0         72   uidiv.o
        96          0          0          0          0         84   uldiv.o
        20          0          0          0          0         60   uread4.o

    ----------------------------------------------------------------------
      3322        106         64          4          0       1924   Library Totals
         4          0          0          0          0          0   (incl. Padding)

    ----------------------------------------------------------------------

      Code (inc. data)   RO Data    RW Data    ZI Data      Debug   Library Name

      3318        106         64          4          0       1924   mc_p.l

    ----------------------------------------------------------------------
      3322        106         64          4          0       1924   Library Totals

    ----------------------------------------------------------------------

==============================================================================


      Code (inc. data)   RO Data    RW Data    ZI Data      Debug   

     12700        912        632        184       2664     325095   Grand Totals
     12700        912        632        184       2664     325095   ELF Image Totals
     12700        912        632        184          0          0   ROM Totals

==============================================================================

    Total RO  Size (Code + RO Data)                13332 (  13.02kB)
    Total RW  Size (RW Data + ZI Data)              2848 (   2.78kB)
    Total ROM Size (Code + RO Data + RW Data)      13516 (  13.20kB)

==============================================================================

